[INFO] [launch]: All log files can be found below /home/ubuntu/.ros/log/2026-10-01-03-19-56-936503-PC-20211221A020-127795
[INFO] [launch]: Default logging verbosity is set to INFO
[INFO] [localizer_node-1]: process started with pid [127799]
[localizer_node-1] [0m[INFO] [1790824797.021317678] [gll_localizer]: map group awsim: 936 tiles, anchor (381381.73, 3949920.19), rotation 0.000 deg, scale 1.0000000[0m
[localizer_node-1] [0m[INFO] [1790824797.022622147] [gll_localizer]: LiDAR localization enabled: 1 map groups, 936 tiles (/ws/src/gnss_and_lidar_localization/data/awsim/out/v_a1_vgicp_maps.yaml)[0m
[localizer_node-1] [0m[INFO] [1790824797.027156097] [gll_localizer]: gll_localizer started (estimator: invariant_ekf, UTM zone 54N)[0m
[localizer_node-1] [33m[WARN] [1790824802.282152659] [gll_localizer]: point cloud has no per-point time field: deskew is disabled[0m
[localizer_node-1] [0m[INFO] [1790824805.617315948] [gll_localizer]: initial pose is on the map: searching around it (381381.73, 3949920.19, 35.0 deg)[0m
[localizer_node-1] [0m[INFO] [1790824805.617392646] [gll_localizer]: active map group: (none) -> awsim[0m
[localizer_node-1] [0m[INFO] [1790824805.617401915] [gll_localizer]: initial pose received: (381381.727, 3949920.188, 35.00 deg)[0m
[localizer_node-1] [0m[INFO] [1790824805.898816673] [gll_localizer]: filter initialized by InvariantEKF[0m
[localizer_node-1] [0m[INFO] [1790824805.898854914] [gll_localizer]: initialized on map awsim at (381381.73, 3949920.19, 35.0 deg): 27 hypotheses, overlap 0.98 (second 0.14), 111 ms[0m
[localizer_node-1] [0m[INFO] [1790824805.908005212] [gll_localizer]: status: INITIALIZING -> LIDAR_AIDED[0m
[localizer_node-1] [0m[INFO] [1790825026.107320308] [gll_localizer]: status: LIDAR_AIDED -> DEAD_RECKONING[0m
[localizer_node-1] [33m[WARN] [1790825027.579205461] [gll_localizer]: LiDAR matching failed repeatedly (last: LOW_OVERLAP, inlier 0.65, overlap 0.40): relocalizing around the estimate[0m
[localizer_node-1] [33m[WARN] [1790825027.743577186] [gll_localizer]: relocalization failed (low overlap): 15 hypotheses, overlap 0.39 (second 0.09), 70 ms[0m
[localizer_node-1] [31m[ERROR] [1790825029.310161036] [gll_localizer]: dead reckoning for 30.1 m without GNSS / LiDAR position (limit 30.0 m)[0m
[localizer_node-1] [33m[WARN] [1790825029.905762397] [gll_localizer]: LiDAR matching failed repeatedly (last: FEW_INLIERS, inlier 0.55, overlap 0.31): relocalizing around the estimate[0m
[localizer_node-1] [33m[WARN] [1790825030.065650516] [gll_localizer]: relocalization failed (low inlier ratio): 27 hypotheses, overlap 0.31 (second 0.04), 92 ms[0m
[localizer_node-1] [33m[WARN] [1790825031.990179515] [gll_localizer]: LiDAR matching failed repeatedly (last: FEW_INLIERS, inlier 0.56, overlap 0.33): relocalizing around the estimate[0m
[localizer_node-1] [33m[WARN] [1790825032.153262654] [gll_localizer]: relocalization failed (low inlier ratio): 63 hypotheses, overlap 0.32 (second 0.26), 82 ms[0m
[localizer_node-1] [0m[INFO] [1790825032.168534525] [gll_localizer]: status: DEAD_RECKONING -> LOST[0m
[localizer_node-1] [0m[INFO] [1790825036.911341762] [gll_localizer]: status: LOST -> LIDAR_AIDED[0m
[localizer_node-1] [0m[INFO] [1790825036.911430765] [gll_localizer]: dead reckoning ended (position observation accepted)[0m
[localizer_node-1] [0m[INFO] [1790825070.307415544] [gll_localizer]: status: LIDAR_AIDED -> DEAD_RECKONING[0m
[localizer_node-1] [33m[WARN] [1790825071.378900719] [gll_localizer]: LiDAR matching failed repeatedly (last: LOW_OVERLAP, inlier 0.65, overlap 0.39): relocalizing around the estimate[0m
[localizer_node-1] [33m[WARN] [1790825071.563696376] [gll_localizer]: relocalization failed (low overlap): 15 hypotheses, overlap 0.39 (second 0.11), 91 ms[0m
[localizer_node-1] [33m[WARN] [1790825073.590724566] [gll_localizer]: LiDAR matching failed repeatedly (last: LOW_OVERLAP, inlier 0.66, overlap 0.40): relocalizing around the estimate[0m
[localizer_node-1] [31m[ERROR] [1790825073.627295737] [gll_localizer]: dead reckoning for 30.0 m without GNSS / LiDAR position (limit 30.0 m)[0m
[localizer_node-1] [33m[WARN] [1790825073.744705599] [gll_localizer]: relocalization failed (low overlap): 27 hypotheses, overlap 0.41 (second 0.28), 61 ms[0m
[localizer_node-1] [33m[WARN] [1790825075.987380362] [gll_localizer]: LiDAR matching failed repeatedly (last: LOW_OVERLAP, inlier 0.67, overlap 0.44): relocalizing around the estimate[0m
[localizer_node-1] [33m[WARN] [1790825076.197950496] [gll_localizer]: relocalization failed (low overlap): 63 hypotheses, overlap 0.44 (second 0.00), 103 ms[0m
[localizer_node-1] [0m[INFO] [1790825076.208022834] [gll_localizer]: status: DEAD_RECKONING -> LOST[0m
[localizer_node-1] [0m[INFO] [1790825080.111162407] [gll_localizer]: status: LOST -> LIDAR_AIDED[0m
[localizer_node-1] [0m[INFO] [1790825080.111223513] [gll_localizer]: dead reckoning ended (position observation accepted)[0m
[WARNING] [launch]: user interrupted with ctrl-c (SIGINT)
[INFO] [localizer_node-1]: sending signal 'SIGINT' to process[localizer_node-1]
[localizer_node-1] [0m[INFO] [1790825103.423350104] [rclcpp]: signal_handler(SIGINT/SIGTERM)[0m
[localizer_node-1] [0m[INFO] [1790825103.425263315] [gll_localizer]: LiDAR matching summary (vgicp): 2483 scans matched, 2248 accepted, 235 rejected by quality, time mean 18.6 ms / max 68.5 ms[0m
[ERROR] [localizer_node-1]: process has died [pid 127799, exit code -2, cmd '/ws/install/gll_ros2/lib/gll_ros2/localizer_node --ros-args -r __node:=gll_localizer --params-file /ws/src/gnss_and_lidar_localization/data/awsim/out/v_a1_vgicp_params.yaml --params-file /tmp/launch_params_a5cfd31v -r ~/input/imu:=/sensing/imu -r ~/input/odom:=/sensing/odom -r ~/input/gnss/fix:=/sensing/gnss/fix -r ~/input/gnss/velocity:=/sensing/gnss/velocity -r ~/input/initial_pose:=/initialpose -r ~/input/points:=/sensing/lidar/points'].
