stdin is not a terminal device. Keyboard handling disabled.[0m[INFO] [1790824796.480983192] [rosbag2_recorder]: Press SPACE for pausing/resuming[0m
[0m[INFO] [1790824796.481031299] [rosbag2_recorder]: Event publisher thread: Started[0m
[0m[INFO] [1790824796.483387408] [rosbag2_recorder]: Starting recording to '/ws/src/gnss_and_lidar_localization/data/awsim/out/v_a1_vgicp_rec'[0m
[0m[INFO] [1790824796.484231116] [rosbag2_recorder]: Listening for topics...[0m
[0m[INFO] [1790824796.484244768] [rosbag2_recorder]: Recording...[0m
[0m[INFO] [1790824796.484299813] [rosbag2_recorder]: Topics discovery started.[0m
[0m[INFO] [1790824797.026549332] [rosbag2_recorder]: Subscribed to topic '/gll_localizer/output/pose'[0m
[0m[INFO] [1790824797.027813787] [rosbag2_recorder]: Subscribed to topic '/diagnostics'[0m
[0m[INFO] [1790824797.028137209] [rosbag2_recorder]: Subscribed to topic '/gll_localizer/debug/lidar_pose'[0m
[0m[INFO] [1790824797.028504867] [rosbag2_recorder]: Subscribed to topic '/gll_localizer/debug/raw_pose'[0m
[0m[INFO] [1790824797.029532645] [rosbag2_recorder]: Subscribed to topic '/gll_localizer/debug/map_points'[0m
[0m[INFO] [1790824797.029841651] [rosbag2_recorder]: Subscribed to topic '/gll_localizer/debug/scan_points'[0m
[0m[INFO] [1790824797.031163728] [rosbag2_recorder]: Subscribed to topic '/tf'[0m
[0m[INFO] [1790824797.032220698] [rosbag2_recorder]: Subscribed to topic '/gll_localizer/output/odometry'[0m
[0m[INFO] [1790824797.032598898] [rosbag2_recorder]: Subscribed to topic '/gll_localizer/output/status'[0m
[0m[INFO] [1790824797.032897283] [rosbag2_recorder]: Subscribed to topic '/tf_static'[0m
[0m[INFO] [1790824802.009909108] [rosbag2_recorder]: Subscribed to topic '/groundtruth/pose'[0m
[0m[INFO] [1790824802.010549862] [rosbag2_recorder]: Subscribed to topic '/initialpose'[0m
[0m[INFO] [1790824802.011218493] [rosbag2_recorder]: Subscribed to topic '/map/points'[0m
[0m[INFO] [1790825104.433463653] [rosbag2_recorder]: Topics discovery stopped.[0m
[0m[INFO] [1790825104.433848854] [rosbag2_recorder]: Pausing recording.[0m
[0m[INFO] [1790825104.434003775] [rosbag2_cpp]: Writing remaining messages from cache to the bag. It may take a while[0m
[0m[INFO] [1790825104.443196393] [rosbag2_recorder]: Recording stopped[0m
[0m[INFO] [1790825104.453014644] [rosbag2_recorder]: Event publisher thread: Exited[0m
