-- The CXX compiler identification is GNU 13.3.0
-- Detecting CXX compiler ABI info
-- Detecting CXX compiler ABI info - done
-- Check for working CXX compiler: /usr/bin/c++ - skipped
-- Detecting CXX compile features
-- Detecting CXX compile features - done
-- tiled_pcd_map: per-point covariances with small_gicp: ON
-- Performing Test CMAKE_HAVE_LIBC_PTHREAD
-- Performing Test CMAKE_HAVE_LIBC_PTHREAD - Success
-- Found Threads: TRUE  
-- Found GTest: /usr/lib/x86_64-linux-gnu/cmake/GTest/GTestConfig.cmake (found version "1.14.0")  
-- Configuring done (0.5s)
-- Generating done (0.0s)
-- Build files have been written to: /ws/src/gnss_and_lidar_localization/build/tiled_pcd_map
[  4%] [32mBuilding CXX object CMakeFiles/tiled_pcd_map.dir/src/geodesy.cpp.o[0m
[ 19%] [32mBuilding CXX object CMakeFiles/tiled_pcd_map.dir/src/pcd_io.cpp.o[0m
[ 19%] [32mBuilding CXX object CMakeFiles/tiled_pcd_map.dir/src/map_region.cpp.o[0m
[ 19%] [32mBuilding CXX object CMakeFiles/tiled_pcd_map.dir/src/tile.cpp.o[0m
[ 23%] [32mBuilding CXX object CMakeFiles/tiled_pcd_map.dir/src/map_tiler.cpp.o[0m
[ 33%] [32mBuilding CXX object CMakeFiles/tiled_pcd_map.dir/src/map_config.cpp.o[0m
[ 33%] [32mBuilding CXX object CMakeFiles/tiled_pcd_map.dir/src/map_anchor.cpp.o[0m
[ 38%] [32mBuilding CXX object CMakeFiles/tiled_pcd_map.dir/src/map_tile_manager.cpp.o[0m
[ 42%] [32m[1mLinking CXX static library libtiled_pcd_map.a[0m
[ 42%] Built target tiled_pcd_map
[ 52%] [32mBuilding CXX object CMakeFiles/test_geodesy.dir/test/test_geodesy.cpp.o[0m
[ 52%] [32mBuilding CXX object CMakeFiles/test_map_io.dir/test/test_map_io.cpp.o[0m
[ 57%] [32mBuilding CXX object CMakeFiles/tiled_pcd_map_tiler.dir/tools/map_tiler_main.cpp.o[0m
[ 61%] [32mBuilding CXX object CMakeFiles/test_se2.dir/test/test_se2.cpp.o[0m
[ 66%] [32mBuilding CXX object CMakeFiles/test_map_tile_manager.dir/test/test_map_tile_manager.cpp.o[0m
[ 71%] [32mBuilding CXX object CMakeFiles/tiled_pcd_map_demo.dir/tools/tile_demo_main.cpp.o[0m
[ 76%] [32m[1mLinking CXX executable tiled_pcd_map_tiler[0m
[ 76%] Built target tiled_pcd_map_tiler
[ 80%] [32m[1mLinking CXX executable test_geodesy[0m
[ 80%] Built target test_geodesy
[ 85%] [32m[1mLinking CXX executable tiled_pcd_map_demo[0m
[ 85%] Built target tiled_pcd_map_demo
[ 90%] [32m[1mLinking CXX executable test_se2[0m
[ 90%] Built target test_se2
[ 95%] [32m[1mLinking CXX executable test_map_tile_manager[0m
[ 95%] Built target test_map_tile_manager
[100%] [32m[1mLinking CXX executable test_map_io[0m
[100%] Built target test_map_io
-- Install configuration: "Release"
-- Installing: /ws/src/gnss_and_lidar_localization/install/tiled_pcd_map/bin/tiled_pcd_map_tiler
-- Installing: /ws/src/gnss_and_lidar_localization/install/tiled_pcd_map/bin/tiled_pcd_map_demo
-- Installing: /ws/src/gnss_and_lidar_localization/install/tiled_pcd_map/lib/libtiled_pcd_map.a
-- Installing: /ws/src/gnss_and_lidar_localization/install/tiled_pcd_map/include
-- Installing: /ws/src/gnss_and_lidar_localization/install/tiled_pcd_map/include/tiled_pcd_map
-- Installing: /ws/src/gnss_and_lidar_localization/install/tiled_pcd_map/include/tiled_pcd_map/map_anchor.hpp
-- Installing: /ws/src/gnss_and_lidar_localization/install/tiled_pcd_map/include/tiled_pcd_map/pcd_io.hpp
-- Installing: /ws/src/gnss_and_lidar_localization/install/tiled_pcd_map/include/tiled_pcd_map/logger.hpp
-- Installing: /ws/src/gnss_and_lidar_localization/install/tiled_pcd_map/include/tiled_pcd_map/geodesy.hpp
-- Installing: /ws/src/gnss_and_lidar_localization/install/tiled_pcd_map/include/tiled_pcd_map/math.hpp
-- Installing: /ws/src/gnss_and_lidar_localization/install/tiled_pcd_map/include/tiled_pcd_map/map_config.hpp
-- Installing: /ws/src/gnss_and_lidar_localization/install/tiled_pcd_map/include/tiled_pcd_map/tile.hpp
-- Installing: /ws/src/gnss_and_lidar_localization/install/tiled_pcd_map/include/tiled_pcd_map/map_manager_config.hpp
-- Installing: /ws/src/gnss_and_lidar_localization/install/tiled_pcd_map/include/tiled_pcd_map/map_region.hpp
-- Installing: /ws/src/gnss_and_lidar_localization/install/tiled_pcd_map/include/tiled_pcd_map/map_tile_manager.hpp
-- Installing: /ws/src/gnss_and_lidar_localization/install/tiled_pcd_map/include/tiled_pcd_map/se2.hpp
-- Installing: /ws/src/gnss_and_lidar_localization/install/tiled_pcd_map/include/tiled_pcd_map/map_tiler.hpp
-- Installing: /ws/src/gnss_and_lidar_localization/install/tiled_pcd_map/lib/cmake/tiled_pcd_map/tiled_pcd_mapTargets.cmake
-- Installing: /ws/src/gnss_and_lidar_localization/install/tiled_pcd_map/lib/cmake/tiled_pcd_map/tiled_pcd_mapTargets-release.cmake
-- Installing: /ws/src/gnss_and_lidar_localization/install/tiled_pcd_map/lib/cmake/tiled_pcd_map/tiled_pcd_mapConfig.cmake
-- Installing: /ws/src/gnss_and_lidar_localization/install/tiled_pcd_map/lib/cmake/tiled_pcd_map/tiled_pcd_mapConfigVersion.cmake
