[0.010s] Invoking command in '/ws/src/gnss_and_lidar_localization/build/tiled_pcd_map': CMAKE_PREFIX_PATH=${CMAKE_PREFIX_PATH}:/opt/ros/jazzy DEBUGINFOD_URLS=https://debuginfod.ubuntu.com /usr/bin/cmake /ws/src/gnss_and_lidar_localization/tiled_pcd_map -DCMAKE_INSTALL_PREFIX=/ws/src/gnss_and_lidar_localization/install/tiled_pcd_map
[0.104s] -- The CXX compiler identification is GNU 13.3.0
[0.119s] -- Detecting CXX compiler ABI info
[0.208s] -- Detecting CXX compiler ABI info - done
[0.218s] -- Check for working CXX compiler: /usr/bin/c++ - skipped
[0.219s] -- Detecting CXX compile features
[0.219s] -- Detecting CXX compile features - done
[0.428s] -- tiled_pcd_map: per-point covariances with small_gicp: ON
[0.428s] -- Performing Test CMAKE_HAVE_LIBC_PTHREAD
[0.527s] -- Performing Test CMAKE_HAVE_LIBC_PTHREAD - Success
[0.528s] -- Found Threads: TRUE  
[0.535s] -- Found GTest: /usr/lib/x86_64-linux-gnu/cmake/GTest/GTestConfig.cmake (found version "1.14.0")  
[0.535s] -- Configuring done (0.5s)
[0.545s] -- Generating done (0.0s)
[0.547s] -- Build files have been written to: /ws/src/gnss_and_lidar_localization/build/tiled_pcd_map
[0.549s] Invoked command in '/ws/src/gnss_and_lidar_localization/build/tiled_pcd_map' returned '0': CMAKE_PREFIX_PATH=${CMAKE_PREFIX_PATH}:/opt/ros/jazzy DEBUGINFOD_URLS=https://debuginfod.ubuntu.com /usr/bin/cmake /ws/src/gnss_and_lidar_localization/tiled_pcd_map -DCMAKE_INSTALL_PREFIX=/ws/src/gnss_and_lidar_localization/install/tiled_pcd_map
[0.550s] Invoking command in '/ws/src/gnss_and_lidar_localization/build/tiled_pcd_map': CMAKE_PREFIX_PATH=${CMAKE_PREFIX_PATH}:/opt/ros/jazzy DEBUGINFOD_URLS=https://debuginfod.ubuntu.com /usr/bin/cmake --build /ws/src/gnss_and_lidar_localization/build/tiled_pcd_map -- -j24 -l24
[0.597s] [  4%] [32mBuilding CXX object CMakeFiles/tiled_pcd_map.dir/src/geodesy.cpp.o[0m
[0.598s] [ 19%] [32mBuilding CXX object CMakeFiles/tiled_pcd_map.dir/src/pcd_io.cpp.o[0m
[0.598s] [ 19%] [32mBuilding CXX object CMakeFiles/tiled_pcd_map.dir/src/map_region.cpp.o[0m
[0.598s] [ 19%] [32mBuilding CXX object CMakeFiles/tiled_pcd_map.dir/src/tile.cpp.o[0m
[0.600s] [ 23%] [32mBuilding CXX object CMakeFiles/tiled_pcd_map.dir/src/map_tiler.cpp.o[0m
[0.603s] [ 33%] [32mBuilding CXX object CMakeFiles/tiled_pcd_map.dir/src/map_config.cpp.o[0m
[0.603s] [ 33%] [32mBuilding CXX object CMakeFiles/tiled_pcd_map.dir/src/map_anchor.cpp.o[0m
[0.603s] [ 38%] [32mBuilding CXX object CMakeFiles/tiled_pcd_map.dir/src/map_tile_manager.cpp.o[0m
[3.156s] [ 42%] [32m[1mLinking CXX static library libtiled_pcd_map.a[0m
[3.190s] [ 42%] Built target tiled_pcd_map
[3.206s] [ 52%] [32mBuilding CXX object CMakeFiles/test_geodesy.dir/test/test_geodesy.cpp.o[0m
[3.207s] [ 52%] [32mBuilding CXX object CMakeFiles/test_map_io.dir/test/test_map_io.cpp.o[0m
[3.215s] [ 57%] [32mBuilding CXX object CMakeFiles/tiled_pcd_map_tiler.dir/tools/map_tiler_main.cpp.o[0m
[3.215s] [ 61%] [32mBuilding CXX object CMakeFiles/test_se2.dir/test/test_se2.cpp.o[0m
[3.218s] [ 66%] [32mBuilding CXX object CMakeFiles/test_map_tile_manager.dir/test/test_map_tile_manager.cpp.o[0m
[3.218s] [ 71%] [32mBuilding CXX object CMakeFiles/tiled_pcd_map_demo.dir/tools/tile_demo_main.cpp.o[0m
[3.941s] [ 76%] [32m[1mLinking CXX executable tiled_pcd_map_tiler[0m
[4.005s] [ 76%] Built target tiled_pcd_map_tiler
[4.142s] [ 80%] [32m[1mLinking CXX executable test_geodesy[0m
[4.211s] [ 80%] Built target test_geodesy
[4.341s] [ 85%] [32m[1mLinking CXX executable tiled_pcd_map_demo[0m
[4.405s] [ 85%] Built target tiled_pcd_map_demo
[4.819s] [ 90%] [32m[1mLinking CXX executable test_se2[0m
[4.878s] [ 90%] Built target test_se2
[5.406s] [ 95%] [32m[1mLinking CXX executable test_map_tile_manager[0m
[5.469s] [ 95%] Built target test_map_tile_manager
[5.770s] [100%] [32m[1mLinking CXX executable test_map_io[0m
[5.841s] [100%] Built target test_map_io
[5.849s] Invoked command in '/ws/src/gnss_and_lidar_localization/build/tiled_pcd_map' returned '0': CMAKE_PREFIX_PATH=${CMAKE_PREFIX_PATH}:/opt/ros/jazzy DEBUGINFOD_URLS=https://debuginfod.ubuntu.com /usr/bin/cmake --build /ws/src/gnss_and_lidar_localization/build/tiled_pcd_map -- -j24 -l24
[5.851s] Invoking command in '/ws/src/gnss_and_lidar_localization/build/tiled_pcd_map': CMAKE_PREFIX_PATH=${CMAKE_PREFIX_PATH}:/opt/ros/jazzy DEBUGINFOD_URLS=https://debuginfod.ubuntu.com /usr/bin/cmake --install /ws/src/gnss_and_lidar_localization/build/tiled_pcd_map
[5.861s] -- Install configuration: "Release"
[5.861s] -- Installing: /ws/src/gnss_and_lidar_localization/install/tiled_pcd_map/bin/tiled_pcd_map_tiler
[5.862s] -- Installing: /ws/src/gnss_and_lidar_localization/install/tiled_pcd_map/bin/tiled_pcd_map_demo
[5.862s] -- Installing: /ws/src/gnss_and_lidar_localization/install/tiled_pcd_map/lib/libtiled_pcd_map.a
[5.862s] -- Installing: /ws/src/gnss_and_lidar_localization/install/tiled_pcd_map/include
[5.862s] -- Installing: /ws/src/gnss_and_lidar_localization/install/tiled_pcd_map/include/tiled_pcd_map
[5.863s] -- Installing: /ws/src/gnss_and_lidar_localization/install/tiled_pcd_map/include/tiled_pcd_map/map_anchor.hpp
[5.863s] -- Installing: /ws/src/gnss_and_lidar_localization/install/tiled_pcd_map/include/tiled_pcd_map/pcd_io.hpp
[5.863s] -- Installing: /ws/src/gnss_and_lidar_localization/install/tiled_pcd_map/include/tiled_pcd_map/logger.hpp
[5.863s] -- Installing: /ws/src/gnss_and_lidar_localization/install/tiled_pcd_map/include/tiled_pcd_map/geodesy.hpp
[5.863s] -- Installing: /ws/src/gnss_and_lidar_localization/install/tiled_pcd_map/include/tiled_pcd_map/math.hpp
[5.863s] -- Installing: /ws/src/gnss_and_lidar_localization/install/tiled_pcd_map/include/tiled_pcd_map/map_config.hpp
[5.863s] -- Installing: /ws/src/gnss_and_lidar_localization/install/tiled_pcd_map/include/tiled_pcd_map/tile.hpp
[5.863s] -- Installing: /ws/src/gnss_and_lidar_localization/install/tiled_pcd_map/include/tiled_pcd_map/map_manager_config.hpp
[5.863s] -- Installing: /ws/src/gnss_and_lidar_localization/install/tiled_pcd_map/include/tiled_pcd_map/map_region.hpp
[5.863s] -- Installing: /ws/src/gnss_and_lidar_localization/install/tiled_pcd_map/include/tiled_pcd_map/map_tile_manager.hpp
[5.863s] -- Installing: /ws/src/gnss_and_lidar_localization/install/tiled_pcd_map/include/tiled_pcd_map/se2.hpp
[5.864s] -- Installing: /ws/src/gnss_and_lidar_localization/install/tiled_pcd_map/include/tiled_pcd_map/map_tiler.hpp
[5.864s] -- Installing: /ws/src/gnss_and_lidar_localization/install/tiled_pcd_map/lib/cmake/tiled_pcd_map/tiled_pcd_mapTargets.cmake
[5.864s] -- Installing: /ws/src/gnss_and_lidar_localization/install/tiled_pcd_map/lib/cmake/tiled_pcd_map/tiled_pcd_mapTargets-release.cmake
[5.864s] -- Installing: /ws/src/gnss_and_lidar_localization/install/tiled_pcd_map/lib/cmake/tiled_pcd_map/tiled_pcd_mapConfig.cmake
[5.864s] -- Installing: /ws/src/gnss_and_lidar_localization/install/tiled_pcd_map/lib/cmake/tiled_pcd_map/tiled_pcd_mapConfigVersion.cmake
[5.865s] Invoked command in '/ws/src/gnss_and_lidar_localization/build/tiled_pcd_map' returned '0': CMAKE_PREFIX_PATH=${CMAKE_PREFIX_PATH}:/opt/ros/jazzy DEBUGINFOD_URLS=https://debuginfod.ubuntu.com /usr/bin/cmake --install /ws/src/gnss_and_lidar_localization/build/tiled_pcd_map
