[INFO] [launch]: All log files can be found below /home/ubuntu/.ros/log/2026-10-01-03-12-40-647069-PC-20211221A020-125489
[INFO] [launch]: Default logging verbosity is set to INFO
[INFO] [localizer_node-1]: process started with pid [125494]
[localizer_node-1] [0m[INFO] [1790824360.744001051] [gll_localizer]: map group awsim: 936 tiles, anchor (381381.73, 3949920.19), rotation 0.000 deg, scale 1.0000000[0m
[localizer_node-1] [0m[INFO] [1790824360.745327873] [gll_localizer]: LiDAR localization enabled: 1 map groups, 936 tiles (/ws/src/gnss_and_lidar_localization/data/awsim/out/v_a1_maps.yaml)[0m
[localizer_node-1] [0m[INFO] [1790824360.750210576] [gll_localizer]: gll_localizer started (estimator: invariant_ekf, UTM zone 54N)[0m
[localizer_node-1] [33m[WARN] [1790824366.289748967] [gll_localizer]: point cloud has no per-point time field: deskew is disabled[0m
[localizer_node-1] [0m[INFO] [1790824369.329308856] [gll_localizer]: initial pose is on the map: searching around it (381381.73, 3949920.19, 35.0 deg)[0m
[localizer_node-1] [0m[INFO] [1790824369.329487867] [gll_localizer]: active map group: (none) -> awsim[0m
[localizer_node-1] [0m[INFO] [1790824369.329525659] [gll_localizer]: initial pose received: (381381.727, 3949920.188, 35.00 deg)[0m
[localizer_node-1] [0m[INFO] [1790824369.639308725] [gll_localizer]: filter initialized by InvariantEKF[0m
[localizer_node-1] [0m[INFO] [1790824369.639342500] [gll_localizer]: initialized on map awsim at (381381.73, 3949920.19, 35.0 deg): 27 hypotheses, overlap 0.98 (second 0.15), 141 ms[0m
[localizer_node-1] [0m[INFO] [1790824369.651065949] [gll_localizer]: status: INITIALIZING -> LIDAR_AIDED[0m
[localizer_node-1] [0m[INFO] [1790824589.810330528] [gll_localizer]: status: LIDAR_AIDED -> DEAD_RECKONING[0m
[localizer_node-1] [33m[WARN] [1790824591.098153017] [gll_localizer]: LiDAR matching failed repeatedly (last: LOW_OVERLAP, inlier 0.64, overlap 0.41): relocalizing around the estimate[0m
[localizer_node-1] [33m[WARN] [1790824591.289441867] [gll_localizer]: relocalization failed (low overlap): 15 hypotheses, overlap 0.40 (second 0.22), 96 ms[0m
[localizer_node-1] [31m[ERROR] [1790824593.012267886] [gll_localizer]: dead reckoning for 30.1 m without GNSS / LiDAR position (limit 30.0 m)[0m
[localizer_node-1] [33m[WARN] [1790824593.692621280] [gll_localizer]: LiDAR matching failed repeatedly (last: FEW_INLIERS, inlier 0.56, overlap 0.31): relocalizing around the estimate[0m
[localizer_node-1] [33m[WARN] [1790824593.952448668] [gll_localizer]: relocalization failed (low inlier ratio): 27 hypotheses, overlap 0.30 (second 0.05), 162 ms[0m
[localizer_node-1] [33m[WARN] [1790824595.786126005] [gll_localizer]: LiDAR matching failed repeatedly (last: FEW_INLIERS, inlier 0.56, overlap 0.32): relocalizing around the estimate[0m
[localizer_node-1] [33m[WARN] [1790824596.000246102] [gll_localizer]: relocalization failed (low inlier ratio): 63 hypotheses, overlap 0.33 (second 0.26), 113 ms[0m
[localizer_node-1] [0m[INFO] [1790824596.011716387] [gll_localizer]: status: DEAD_RECKONING -> LOST[0m
[localizer_node-1] [0m[INFO] [1790824600.591504363] [gll_localizer]: status: LOST -> LIDAR_AIDED[0m
[localizer_node-1] [0m[INFO] [1790824600.591536194] [gll_localizer]: dead reckoning ended (position observation accepted)[0m
[localizer_node-1] [0m[INFO] [1790824633.912474694] [gll_localizer]: status: LIDAR_AIDED -> DEAD_RECKONING[0m
[localizer_node-1] [33m[WARN] [1790824635.518634171] [gll_localizer]: LiDAR matching failed repeatedly (last: LOW_OVERLAP, inlier 0.64, overlap 0.38): relocalizing around the estimate[0m
[localizer_node-1] [33m[WARN] [1790824635.686399165] [gll_localizer]: relocalization failed (low overlap): 15 hypotheses, overlap 0.38 (second 0.00), 104 ms[0m
[localizer_node-1] [31m[ERROR] [1790824637.250386268] [gll_localizer]: dead reckoning for 30.2 m without GNSS / LiDAR position (limit 30.0 m)[0m
[localizer_node-1] [33m[WARN] [1790824637.811536048] [gll_localizer]: LiDAR matching failed repeatedly (last: LOW_OVERLAP, inlier 0.65, overlap 0.41): relocalizing around the estimate[0m
[localizer_node-1] [33m[WARN] [1790824638.076633853] [gll_localizer]: relocalization failed (low overlap): 27 hypotheses, overlap 0.41 (second 0.10), 91 ms[0m
[localizer_node-1] [33m[WARN] [1790824640.410506518] [gll_localizer]: LiDAR matching failed repeatedly (last: LOW_OVERLAP, inlier 0.67, overlap 0.44): relocalizing around the estimate[0m
[localizer_node-1] [33m[WARN] [1790824640.603322941] [gll_localizer]: relocalization failed (low overlap): 63 hypotheses, overlap 0.44 (second 0.00), 122 ms[0m
[localizer_node-1] [0m[INFO] [1790824640.611695974] [gll_localizer]: status: DEAD_RECKONING -> LOST[0m
[localizer_node-1] [0m[INFO] [1790824643.991201930] [gll_localizer]: status: LOST -> LIDAR_AIDED[0m
[localizer_node-1] [0m[INFO] [1790824643.991227753] [gll_localizer]: dead reckoning ended (position observation accepted)[0m
[WARNING] [launch]: user interrupted with ctrl-c (SIGINT)
[INFO] [localizer_node-1]: sending signal 'SIGINT' to process[localizer_node-1]
[localizer_node-1] [0m[INFO] [1790824667.147141811] [rclcpp]: signal_handler(SIGINT/SIGTERM)[0m
[localizer_node-1] [0m[INFO] [1790824667.149329858] [gll_localizer]: LiDAR matching summary (gicp): 2373 scans matched, 2159 accepted, 214 rejected by quality, time mean 16.8 ms / max 48.7 ms[0m
[ERROR] [localizer_node-1]: process has died [pid 125494, exit code -2, cmd '/ws/install/gll_ros2/lib/gll_ros2/localizer_node --ros-args -r __node:=gll_localizer --params-file /ws/src/gnss_and_lidar_localization/data/awsim/out/v_a1_params.yaml --params-file /tmp/launch_params_y7wg25yb -r ~/input/imu:=/sensing/imu -r ~/input/odom:=/sensing/odom -r ~/input/gnss/fix:=/sensing/gnss/fix -r ~/input/gnss/velocity:=/sensing/gnss/velocity -r ~/input/initial_pose:=/initialpose -r ~/input/points:=/sensing/lidar/points'].
