推定ノード: /ws/install/gll_ros2/lib/gll_ros2/localizer_node
!!!! 注意: ソースの方が推定ノードのビルドより新しい。cd /ws && colcon build してから動かす
推定ノードのログ: /ws/src/gnss_and_lidar_localization/data/awsim/out/v_a1_node.log
[0m[INFO] [1790766328.150861997] [rosbag2_player]: Set rate to 1[0m
[0m[INFO] [1790766328.162399150] [rosbag2_player]: Playback until timestamp: -1[0m
---- node log (last lines)
[localizer_node-1] [33m[WARN] [1790766558.444475741] [gll_localizer]: LiDAR matching failed repeatedly (last: FEW_INLIERS, inlier 0.57, overlap 0.33): relocalizing around the estimate[0m
[localizer_node-1] [33m[WARN] [1790766558.614184948] [gll_localizer]: relocalization failed (low inlier ratio): 63 hypotheses, overlap 0.33 (second 0.26), 90 ms[0m
[localizer_node-1] [0m[INFO] [1790766558.622196534] [gll_localizer]: status: DEAD_RECKONING -> LOST[0m
[localizer_node-1] [0m[INFO] [1790766563.042210097] [gll_localizer]: status: LOST -> LIDAR_AIDED[0m
[localizer_node-1] [0m[INFO] [1790766563.042232929] [gll_localizer]: dead reckoning ended (position observation accepted)[0m
[localizer_node-1] [0m[INFO] [1790766596.443563898] [gll_localizer]: status: LIDAR_AIDED -> DEAD_RECKONING[0m
[localizer_node-1] [33m[WARN] [1790766597.631563275] [gll_localizer]: LiDAR matching failed repeatedly (last: LOW_OVERLAP, inlier 0.64, overlap 0.38): relocalizing around the estimate[0m
[localizer_node-1] [33m[WARN] [1790766597.878849083] [gll_localizer]: relocalization failed (low overlap): 15 hypotheses, overlap 0.39 (second 0.08), 147 ms[0m
[localizer_node-1] [31m[ERROR] [1790766599.781618819] [gll_localizer]: dead reckoning for 30.0 m without GNSS / LiDAR position (limit 30.0 m)[0m
[localizer_node-1] [33m[WARN] [1790766599.956696218] [gll_localizer]: LiDAR matching failed repeatedly (last: LOW_OVERLAP, inlier 0.66, overlap 0.41): relocalizing around the estimate[0m
[localizer_node-1] [33m[WARN] [1790766600.134183628] [gll_localizer]: relocalization failed (low overlap): 27 hypotheses, overlap 0.40 (second 0.09), 109 ms[0m
[localizer_node-1] [33m[WARN] [1790766602.544027081] [gll_localizer]: LiDAR matching failed repeatedly (last: LOW_OVERLAP, inlier 0.66, overlap 0.44): relocalizing around the estimate[0m
[localizer_node-1] [33m[WARN] [1790766602.728464095] [gll_localizer]: relocalization failed (low overlap): 63 hypotheses, overlap 0.42 (second 0.00), 107 ms[0m
[localizer_node-1] [0m[INFO] [1790766602.742706735] [gll_localizer]: status: DEAD_RECKONING -> LOST[0m
[localizer_node-1] [0m[INFO] [1790766606.466594630] [gll_localizer]: status: LOST -> LIDAR_AIDED[0m
[localizer_node-1] [0m[INFO] [1790766606.466673437] [gll_localizer]: dead reckoning ended (position observation accepted)[0m
[WARNING] [launch]: user interrupted with ctrl-c (SIGINT)
[INFO] [localizer_node-1]: sending signal 'SIGINT' to process[localizer_node-1]
[localizer_node-1] [0m[INFO] [1790766629.578972019] [rclcpp]: signal_handler(SIGINT/SIGTERM)[0m
[ERROR] [localizer_node-1]: process has died [pid 51069, exit code -2, cmd '/ws/install/gll_ros2/lib/gll_ros2/localizer_node --ros-args -r __node:=gll_localizer --params-file /ws/src/gnss_and_lidar_localization/data/awsim/out/v_a1_params.yaml --params-file /tmp/launch_params_u_f393z6 -r ~/input/imu:=/sensing/imu -r ~/input/odom:=/sensing/odom -r ~/input/gnss/fix:=/sensing/gnss/fix -r ~/input/gnss/velocity:=/sensing/gnss/velocity -r ~/input/initial_pose:=/initialpose -r ~/input/points:=/sensing/lidar/points'].
---- recorded: /ws/src/gnss_and_lidar_localization/data/awsim/out/v_a1_rec（録画のログ: /ws/src/gnss_and_lidar_localization/data/awsim/out/v_a1_rec.record.log）
[0m[INFO] [1790766630.589695220] [rosbag2_recorder]: Topics discovery stopped.[0m
[0m[INFO] [1790766630.590033298] [rosbag2_recorder]: Pausing recording.[0m
[0m[INFO] [1790766630.590252188] [rosbag2_cpp]: Writing remaining messages from cache to the bag. It may take a while[0m
[0m[INFO] [1790766630.601733009] [rosbag2_recorder]: Recording stopped[0m
[0m[INFO] [1790766630.608842051] [rosbag2_recorder]: Event publisher thread: Exited[0m

Files:             v_a1_rec_0.mcap
Bag size:          1.1 GiB
Storage id:        mcap
ROS Distro:        jazzy
Duration:          306.300351576s
Start:             Sep 30 2026 11:05:23.261621176 (1790766323.261621176)
End:               Sep 30 2026 11:10:29.561972752 (1790766629.561972752)
Messages:          86523
Topic information: Topic: /diagnostics | Type: diagnostic_msgs/msg/DiagnosticArray | Count: 306 | Serialization Format: cdr
                   Topic: /gll_localizer/debug/lidar_pose | Type: geometry_msgs/msg/PoseWithCovarianceStamped | Count: 2498 | Serialization Format: cdr
                   Topic: /gll_localizer/debug/map_points | Type: sensor_msgs/msg/PointCloud2 | Count: 432 | Serialization Format: cdr
                   Topic: /gll_localizer/debug/raw_pose | Type: geometry_msgs/msg/PoseWithCovarianceStamped | Count: 14873 | Serialization Format: cdr
                   Topic: /gll_localizer/debug/scan_points | Type: sensor_msgs/msg/PointCloud2 | Count: 2498 | Serialization Format: cdr
                   Topic: /gll_localizer/output/odometry | Type: nav_msgs/msg/Odometry | Count: 14873 | Serialization Format: cdr
                   Topic: /gll_localizer/output/pose | Type: geometry_msgs/msg/PoseWithCovarianceStamped | Count: 14873 | Serialization Format: cdr
                   Topic: /gll_localizer/output/status | Type: diagnostic_msgs/msg/DiagnosticStatus | Count: 15316 | Serialization Format: cdr
                   Topic: /groundtruth/pose | Type: geometry_msgs/msg/PoseStamped | Count: 5977 | Serialization Format: cdr
                   Topic: /initialpose | Type: geometry_msgs/msg/PoseWithCovarianceStamped | Count: 1 | Serialization Format: cdr
                   Topic: /map/points | Type: sensor_msgs/msg/PointCloud2 | Count: 1 | Serialization Format: cdr
                   Topic: /tf | Type: tf2_msgs/msg/TFMessage | Count: 14873 | Serialization Format: cdr
                   Topic: /tf_static | Type: tf2_msgs/msg/TFMessage | Count: 2 | Serialization Format: cdr
Service:           0
Service information: 
