推定ノード: /ws/install/gll_ros2/lib/gll_ros2/localizer_node
推定ノードのログ: /ws/src/gnss_and_lidar_localization/data/awsim/out/v_a1_autoware_node.log
[0m[INFO] [1790918948.005333233] [rosbag2_player]: Set rate to 1[0m
[0m[INFO] [1790918948.016762718] [rosbag2_player]: Playback until timestamp: -1[0m
---- node log (last lines)
[INFO] [launch]: All log files can be found below /home/ubuntu/.ros/log/2026-10-02-05-29-02-948982-PC-20211221A020-279609
[INFO] [launch]: Default logging verbosity is set to INFO
[INFO] [localizer_node-1]: process started with pid [279613]
[localizer_node-1] [0m[INFO] [1790918943.034981812] [gll_localizer]: map group awsim: 936 tiles, anchor (381381.73, 3949920.19), rotation 0.000 deg, scale 1.0000000[0m
[localizer_node-1] [0m[INFO] [1790918943.036334479] [gll_localizer]: LiDAR localization enabled: 1 map groups, 936 tiles (/ws/src/gnss_and_lidar_localization/data/awsim/out/v_a1_autoware_maps.yaml)[0m
[localizer_node-1] [0m[INFO] [1790918943.041938541] [gll_localizer]: gll_localizer started (estimator: invariant_ekf, UTM zone 54N)[0m
[localizer_node-1] [33m[WARN] [1790918948.584374840] [gll_localizer]: point cloud has no per-point time field: deskew is disabled[0m
[localizer_node-1] [0m[INFO] [1790918951.622054131] [gll_localizer]: initial pose is on the map: searching around it (381381.73, 3949920.19, 35.0 deg)[0m
[localizer_node-1] [0m[INFO] [1790918951.622219340] [gll_localizer]: active map group: (none) -> awsim[0m
[localizer_node-1] [0m[INFO] [1790918951.622241384] [gll_localizer]: initial pose received: (381381.727, 3949920.188, 35.00 deg)[0m
[localizer_node-1] [0m[INFO] [1790918951.937351994] [gll_localizer]: filter initialized by InvariantEKF[0m
[localizer_node-1] [0m[INFO] [1790918951.937387644] [gll_localizer]: initialized on map awsim at (381381.73, 3949920.19, 35.0 deg): 27 hypotheses, overlap 0.98 (second 0.15), 145 ms[0m
[localizer_node-1] [0m[INFO] [1790918951.942812739] [gll_localizer]: status: INITIALIZING -> LIDAR_AIDED[0m
[WARNING] [launch]: user interrupted with ctrl-c (SIGINT)
[INFO] [localizer_node-1]: sending signal 'SIGINT' to process[localizer_node-1]
[localizer_node-1] [0m[INFO] [1790919249.430148744] [rclcpp]: signal_handler(SIGINT/SIGTERM)[0m
[localizer_node-1] [0m[INFO] [1790919249.432416128] [gll_localizer]: LiDAR matching summary (gicp): 2454 scans matched, 2429 accepted, 25 rejected by quality, time mean 15.9 ms / max 43.0 ms[0m
[ERROR] [localizer_node-1]: process has died [pid 279613, exit code -2, cmd '/ws/install/gll_ros2/lib/gll_ros2/localizer_node --ros-args -r __node:=gll_localizer --params-file /ws/src/gnss_and_lidar_localization/data/awsim/out/v_a1_autoware_params.yaml --params-file /tmp/launch_params_f3vpw2rc -r ~/input/imu:=/sensing/imu -r ~/input/odom:=/sensing/odom -r ~/input/gnss/fix:=/sensing/gnss/fix -r ~/input/gnss/velocity:=/sensing/gnss/velocity -r ~/input/initial_pose:=/initialpose -r ~/input/points:=/sensing/lidar/points'].
---- recorded: /ws/src/gnss_and_lidar_localization/data/awsim/out/v_a1_autoware_rec（録画のログ: /ws/src/gnss_and_lidar_localization/data/awsim/out/v_a1_autoware_rec.record.log）
[0m[INFO] [1790919250.440348558] [rosbag2_recorder]: Topics discovery stopped.[0m
[0m[INFO] [1790919250.440705566] [rosbag2_recorder]: Pausing recording.[0m
[0m[INFO] [1790919250.440867922] [rosbag2_cpp]: Writing remaining messages from cache to the bag. It may take a while[0m
[0m[INFO] [1790919250.451339069] [rosbag2_recorder]: Recording stopped[0m
[0m[INFO] [1790919250.457611677] [rosbag2_recorder]: Event publisher thread: Exited[0m

Files:             v_a1_autoware_rec_0.mcap
Bag size:          1.0 GiB
Storage id:        mcap
ROS Distro:        jazzy
Duration:          306.300612782s
Start:             Oct  2 2026 05:29:03.122064213 (1790918943.122064213)
End:               Oct  2 2026 05:34:09.422676995 (1790919249.422676995)
Messages:          86443
Topic information: Topic: /diagnostics | Type: diagnostic_msgs/msg/DiagnosticArray | Count: 306 | Serialization Format: cdr
                   Topic: /gll_localizer/debug/lidar_pose | Type: geometry_msgs/msg/PoseWithCovarianceStamped | Count: 2455 | Serialization Format: cdr
                   Topic: /gll_localizer/debug/map_points | Type: sensor_msgs/msg/PointCloud2 | Count: 430 | Serialization Format: cdr
                   Topic: /gll_localizer/debug/raw_pose | Type: geometry_msgs/msg/PoseWithCovarianceStamped | Count: 14875 | Serialization Format: cdr
                   Topic: /gll_localizer/debug/scan_points | Type: sensor_msgs/msg/PointCloud2 | Count: 2455 | Serialization Format: cdr
                   Topic: /gll_localizer/output/odometry | Type: nav_msgs/msg/Odometry | Count: 14875 | Serialization Format: cdr
                   Topic: /gll_localizer/output/pose | Type: geometry_msgs/msg/PoseWithCovarianceStamped | Count: 14875 | Serialization Format: cdr
                   Topic: /gll_localizer/output/status | Type: diagnostic_msgs/msg/DiagnosticStatus | Count: 15316 | Serialization Format: cdr
                   Topic: /groundtruth/pose | Type: geometry_msgs/msg/PoseStamped | Count: 5977 | Serialization Format: cdr
                   Topic: /initialpose | Type: geometry_msgs/msg/PoseWithCovarianceStamped | Count: 1 | Serialization Format: cdr
                   Topic: /map/points | Type: sensor_msgs/msg/PointCloud2 | Count: 1 | Serialization Format: cdr
                   Topic: /tf | Type: tf2_msgs/msg/TFMessage | Count: 14875 | Serialization Format: cdr
                   Topic: /tf_static | Type: tf2_msgs/msg/TFMessage | Count: 2 | Serialization Format: cdr
Service:           0
Service information: 
