シナリオ v_a1（名前 v_a1_autoware）、録った bag /ws/src/gnss_and_lidar_localization/data/awsim/nsj_run1、変換のオプション: --no-gnss --initial-pose 0,0 --set lidar.overlap_near_distance=1.0 lidar.min_inlier_ratio=0.45 lidar.min_stddev_lon=0.06 relocalize.lost_on_failure=false
commit d099dde +変更あり、2026-10-02 05:28:53
LiDAR: --lidar-extrinsic 0.900,0.000,2.040,0.900,0.100,88.200 --lidar-stamp-offset 0.000（/ws/src/gnss_and_lidar_localization/data/awsim/out/nsj_run1_lidar_calib.env）

======== 変換（awsim_to_bag.py）
真値 17953（60 Hz）、IMU 8977、速度 8977、点群 2992（frame velodyne_top、列 ['x', 'y', 'z', 'intensity', 'channel']、27451 点）、299.2 s
最初の停止 54.8 s → attitude.static_init_time = 3.0 s
IMU（tamagawa/imu_link）→ base_link の向き: rpy [-179.92   -1.91 -179.67] deg、当てはめの残差 加速度 6.759 m/s²・角速度 0.0053 rad/s、重力 あり・向きが逆（AWSIM。直して出す）
車速と真値の比: 前後 +0.999、yaw レート -1.163（yaw レートの符号が逆。直して出す）
IMU の yaw レートと真値の比 +1.000（+1 に近いはず）
時刻のずれ（真値に合わせるためにスタンプに足す値）: IMU -18 ms、車速 -68 ms（yaw レートで見ると +176 ms）（直して出す）
車速の横向きの速さ: yaw レートに比例する分 +1.140 m ×（yaw レート）を取り除く（真値との差の RMS 0.093 → 0.011 m/s）。yaw レートは IMU の値にする
全体の地図 /map/points: 460663 点（1.0 m で間引き、frame map_local）
/ws/src/gnss_and_lidar_localization/data/awsim/out/v_a1_autoware/（rosbag2 の bag: v_a1_autoware.mcap、metadata.yaml）: 26928 メッセージ
  /ws/src/gnss_and_lidar_localization/data/awsim/out/v_a1_autoware_groundtruth.csv
  /ws/src/gnss_and_lidar_localization/data/awsim/out/v_a1_autoware_maps.yaml
パラメータ lidar.overlap_near_distance = 1.0
パラメータ lidar.min_inlier_ratio = 0.45
パラメータ lidar.min_stddev_lon = 0.06
パラメータ relocalize.lost_on_failure = False
  /ws/src/gnss_and_lidar_localization/data/awsim/out/v_a1_autoware_params.yaml

======== 推定ノードで再生（replay.sh）
推定ノード: /ws/install/gll_ros2/lib/gll_ros2/localizer_node
推定ノードのログ: /ws/src/gnss_and_lidar_localization/data/awsim/out/v_a1_autoware_node.log
[0m[INFO] [1790918948.005333233] [rosbag2_player]: Set rate to 1[0m
[0m[INFO] [1790918948.016762718] [rosbag2_player]: Playback until timestamp: -1[0m
---- node log (last lines)
[INFO] [launch]: All log files can be found below /home/ubuntu/.ros/log/2026-10-02-05-29-02-948982-PC-20211221A020-279609
[INFO] [launch]: Default logging verbosity is set to INFO
[INFO] [localizer_node-1]: process started with pid [279613]
[localizer_node-1] [0m[INFO] [1790918943.034981812] [gll_localizer]: map group awsim: 936 tiles, anchor (381381.73, 3949920.19), rotation 0.000 deg, scale 1.0000000[0m
[localizer_node-1] [0m[INFO] [1790918943.036334479] [gll_localizer]: LiDAR localization enabled: 1 map groups, 936 tiles (/ws/src/gnss_and_lidar_localization/data/awsim/out/v_a1_autoware_maps.yaml)[0m
[localizer_node-1] [0m[INFO] [1790918943.041938541] [gll_localizer]: gll_localizer started (estimator: invariant_ekf, UTM zone 54N)[0m
[localizer_node-1] [33m[WARN] [1790918948.584374840] [gll_localizer]: point cloud has no per-point time field: deskew is disabled[0m
[localizer_node-1] [0m[INFO] [1790918951.622054131] [gll_localizer]: initial pose is on the map: searching around it (381381.73, 3949920.19, 35.0 deg)[0m
[localizer_node-1] [0m[INFO] [1790918951.622219340] [gll_localizer]: active map group: (none) -> awsim[0m
[localizer_node-1] [0m[INFO] [1790918951.622241384] [gll_localizer]: initial pose received: (381381.727, 3949920.188, 35.00 deg)[0m
[localizer_node-1] [0m[INFO] [1790918951.937351994] [gll_localizer]: filter initialized by InvariantEKF[0m
[localizer_node-1] [0m[INFO] [1790918951.937387644] [gll_localizer]: initialized on map awsim at (381381.73, 3949920.19, 35.0 deg): 27 hypotheses, overlap 0.98 (second 0.15), 145 ms[0m
[localizer_node-1] [0m[INFO] [1790918951.942812739] [gll_localizer]: status: INITIALIZING -> LIDAR_AIDED[0m
[WARNING] [launch]: user interrupted with ctrl-c (SIGINT)
[INFO] [localizer_node-1]: sending signal 'SIGINT' to process[localizer_node-1]
[localizer_node-1] [0m[INFO] [1790919249.430148744] [rclcpp]: signal_handler(SIGINT/SIGTERM)[0m
[localizer_node-1] [0m[INFO] [1790919249.432416128] [gll_localizer]: LiDAR matching summary (gicp): 2454 scans matched, 2429 accepted, 25 rejected by quality, time mean 15.9 ms / max 43.0 ms[0m
[ERROR] [localizer_node-1]: process has died [pid 279613, exit code -2, cmd '/ws/install/gll_ros2/lib/gll_ros2/localizer_node --ros-args -r __node:=gll_localizer --params-file /ws/src/gnss_and_lidar_localization/data/awsim/out/v_a1_autoware_params.yaml --params-file /tmp/launch_params_f3vpw2rc -r ~/input/imu:=/sensing/imu -r ~/input/odom:=/sensing/odom -r ~/input/gnss/fix:=/sensing/gnss/fix -r ~/input/gnss/velocity:=/sensing/gnss/velocity -r ~/input/initial_pose:=/initialpose -r ~/input/points:=/sensing/lidar/points'].
---- recorded: /ws/src/gnss_and_lidar_localization/data/awsim/out/v_a1_autoware_rec（録画のログ: /ws/src/gnss_and_lidar_localization/data/awsim/out/v_a1_autoware_rec.record.log）
[0m[INFO] [1790919250.440348558] [rosbag2_recorder]: Topics discovery stopped.[0m
[0m[INFO] [1790919250.440705566] [rosbag2_recorder]: Pausing recording.[0m
[0m[INFO] [1790919250.440867922] [rosbag2_cpp]: Writing remaining messages from cache to the bag. It may take a while[0m
[0m[INFO] [1790919250.451339069] [rosbag2_recorder]: Recording stopped[0m
[0m[INFO] [1790919250.457611677] [rosbag2_recorder]: Event publisher thread: Exited[0m

Files:             v_a1_autoware_rec_0.mcap
Bag size:          1.0 GiB
Storage id:        mcap
ROS Distro:        jazzy
Duration:          306.300612782s
Start:             Oct  2 2026 05:29:03.122064213 (1790918943.122064213)
End:               Oct  2 2026 05:34:09.422676995 (1790919249.422676995)
Messages:          86443
Topic information: Topic: /diagnostics | Type: diagnostic_msgs/msg/DiagnosticArray | Count: 306 | Serialization Format: cdr
                   Topic: /gll_localizer/debug/lidar_pose | Type: geometry_msgs/msg/PoseWithCovarianceStamped | Count: 2455 | Serialization Format: cdr
                   Topic: /gll_localizer/debug/map_points | Type: sensor_msgs/msg/PointCloud2 | Count: 430 | Serialization Format: cdr
                   Topic: /gll_localizer/debug/raw_pose | Type: geometry_msgs/msg/PoseWithCovarianceStamped | Count: 14875 | Serialization Format: cdr
                   Topic: /gll_localizer/debug/scan_points | Type: sensor_msgs/msg/PointCloud2 | Count: 2455 | Serialization Format: cdr
                   Topic: /gll_localizer/output/odometry | Type: nav_msgs/msg/Odometry | Count: 14875 | Serialization Format: cdr
                   Topic: /gll_localizer/output/pose | Type: geometry_msgs/msg/PoseWithCovarianceStamped | Count: 14875 | Serialization Format: cdr
                   Topic: /gll_localizer/output/status | Type: diagnostic_msgs/msg/DiagnosticStatus | Count: 15316 | Serialization Format: cdr
                   Topic: /groundtruth/pose | Type: geometry_msgs/msg/PoseStamped | Count: 5977 | Serialization Format: cdr
                   Topic: /initialpose | Type: geometry_msgs/msg/PoseWithCovarianceStamped | Count: 1 | Serialization Format: cdr
                   Topic: /map/points | Type: sensor_msgs/msg/PointCloud2 | Count: 1 | Serialization Format: cdr
                   Topic: /tf | Type: tf2_msgs/msg/TFMessage | Count: 14875 | Serialization Format: cdr
                   Topic: /tf_static | Type: tf2_msgs/msg/TFMessage | Count: 2 | Serialization Format: cdr
Service:           0
Service information: 

======== 評価（evaluate.py）
# v_a1_autoware

| 指標 | 値 |
|---|---|
| duration | 295.4 s |
| rows | 14875 |
| evaluated_rows | 14875 |
| init_time | 0.0 s |
| lat_rms | 0.014 m |
| lat_p95 | 0.034 m |
| lat_max | 0.060 m |
| lon_rms | 0.060 m |
| lon_p95 | 0.126 m |
| lon_max | 0.265 m |
| xy_rms | 0.061 m |
| xy_p95 | 0.126 m |
| xy_max | 0.265 m |
| yaw_rms_deg | 0.06° |
| yaw_p95_deg | 0.11° |
| yaw_max_deg | 0.34° |
| step_max | 0.230 m |
| within_3sigma | 79.4% |
| nees_mean | 7.32 |
| lidar_share | 100.0% |
| lost_share | 0.0% |
| dr_distance_max | 6.025 m |

| 状態 | 時間の割合 | 横 RMS | 縦 RMS | yaw RMS |
|---|---|---|---|---|
| LIDAR_AIDED | 100.0% | 0.014 m | 0.060 m | 0.06° |
v_a1_autoware: 横 RMS 0.015 m、縦 RMS 0.060 m、yaw RMS 0.06°
/ws/src/gnss_and_lidar_localization/tools/awsim/log/v_a1_autoware/report.html（ブラウザで開く）
録った bag: /ws/src/gnss_and_lidar_localization/data/awsim/out/v_a1_autoware_rec（リポジトリの data/awsim/out/v_a1_autoware_rec。Foxglove で開き、frame map_local で見る）

======== 要約
# v_a1_autoware

- 成功
- シナリオ v_a1、録った bag nsj_run1、変換のオプション `--no-gnss --initial-pose 0,0 --set lidar.overlap_near_distance=1.0 lidar.min_inlier_ratio=0.45 lidar.min_stddev_lon=0.06 relocalize.lost_on_failure=false`
- commit d099dde +変更あり、2026-10-02 05:28:53

## LiDAR の取り付け位置・スタンプのずれ

```
LiDAR: --lidar-extrinsic 0.900,0.000,2.040,0.900,0.100,88.200 --lidar-stamp-offset 0.000（/ws/src/gnss_and_lidar_localization/data/awsim/out/nsj_run1_lidar_calib.env）
```

## 変換

```
真値 17953（60 Hz）、IMU 8977、速度 8977、点群 2992（frame velodyne_top、列 ['x', 'y', 'z', 'intensity', 'channel']、27451 点）、299.2 s
最初の停止 54.8 s → attitude.static_init_time = 3.0 s
IMU（tamagawa/imu_link）→ base_link の向き: rpy [-179.92   -1.91 -179.67] deg、当てはめの残差 加速度 6.759 m/s²・角速度 0.0053 rad/s、重力 あり・向きが逆（AWSIM。直して出す）
車速と真値の比: 前後 +0.999、yaw レート -1.163（yaw レートの符号が逆。直して出す）
IMU の yaw レートと真値の比 +1.000（+1 に近いはず）
時刻のずれ（真値に合わせるためにスタンプに足す値）: IMU -18 ms、車速 -68 ms（yaw レートで見ると +176 ms）（直して出す）
車速の横向きの速さ: yaw レートに比例する分 +1.140 m ×（yaw レート）を取り除く（真値との差の RMS 0.093 → 0.011 m/s）。yaw レートは IMU の値にする
全体の地図 /map/points: 460663 点（1.0 m で間引き、frame map_local）
パラメータ lidar.overlap_near_distance = 1.0
パラメータ lidar.min_inlier_ratio = 0.45
パラメータ lidar.min_stddev_lon = 0.06
パラメータ relocalize.lost_on_failure = False
```

## 評価

| 指標 | 値 |
|---|---|
| duration | 295.4 s |
| rows | 14875 |
| evaluated_rows | 14875 |
| init_time | 0.0 s |
| lat_rms | 0.014 m |
| lat_p95 | 0.034 m |
| lat_max | 0.060 m |
| lon_rms | 0.060 m |
| lon_p95 | 0.126 m |
| lon_max | 0.265 m |
| xy_rms | 0.061 m |
| xy_p95 | 0.126 m |
| xy_max | 0.265 m |
| yaw_rms_deg | 0.06° |
| yaw_p95_deg | 0.11° |
| yaw_max_deg | 0.34° |
| step_max | 0.230 m |
| within_3sigma | 79.4% |
| nees_mean | 7.32 |
| lidar_share | 100.0% |
| lost_share | 0.0% |
| dr_distance_max | 6.025 m |

| 状態 | 時間の割合 | 横 RMS | 縦 RMS | yaw RMS |
|---|---|---|---|---|
| LIDAR_AIDED | 100.0% | 0.014 m | 0.060 m | 0.06° |

## 10 秒ごと（raw の姿勢の誤差。|yaw レート| は真値の最大）

| 時刻 [s] | 状態 | 横 RMS [m] | 縦 RMS [m] | yaw RMS [°] | yaw レート [rad/s] |
|---|---|---|---|---|---|
| 0 | LIDAR_AIDED | 0.001 | 0.001 | 0.05 | 0.00 |
| 10 | LIDAR_AIDED | 0.001 | 0.001 | 0.05 | 0.00 |
| 20 | LIDAR_AIDED | 0.001 | 0.001 | 0.05 | 0.00 |
| 30 | LIDAR_AIDED | 0.001 | 0.001 | 0.05 | 0.00 |
| 40 | LIDAR_AIDED | 0.001 | 0.001 | 0.05 | 0.00 |
| 50 | LIDAR_AIDED | 0.010 | 0.067 | 0.09 | 0.31 |
| 60 | LIDAR_AIDED | 0.008 | 0.084 | 0.06 | 0.08 |
| 70 | LIDAR_AIDED | 0.007 | 0.055 | 0.04 | 0.01 |
| 80 | LIDAR_AIDED | 0.013 | 0.029 | 0.09 | 0.30 |
| 90 | LIDAR_AIDED | 0.030 | 0.063 | 0.05 | 0.29 |
| 100 | LIDAR_AIDED | 0.012 | 0.039 | 0.03 | 0.00 |
| 110 | LIDAR_AIDED | 0.021 | 0.064 | 0.06 | 0.29 |
| 120 | LIDAR_AIDED | 0.016 | 0.102 | 0.07 | 0.29 |
| 130 | LIDAR_AIDED | 0.010 | 0.049 | 0.03 | 0.00 |
| 140 | LIDAR_AIDED | 0.010 | 0.034 | 0.04 | 0.00 |
| 150 | LIDAR_AIDED | 0.008 | 0.033 | 0.03 | 0.02 |
| 160 | LIDAR_AIDED | 0.010 | 0.045 | 0.08 | 0.16 |
| 170 | LIDAR_AIDED | 0.022 | 0.052 | 0.10 | 0.36 |
| 180 | LIDAR_AIDED | 0.013 | 0.071 | 0.07 | 0.17 |
| 190 | LIDAR_AIDED | 0.009 | 0.036 | 0.04 | 0.06 |
| 200 | LIDAR_AIDED | 0.015 | 0.034 | 0.04 | 0.08 |
| 210 | LIDAR_AIDED | 0.037 | 0.093 | 0.11 | 0.36 |
| 220 | LIDAR_AIDED | 0.014 | 0.068 | 0.03 | 0.00 |
| 230 | LIDAR_AIDED | 0.004 | 0.053 | 0.03 | 0.00 |
| 240 | LIDAR_AIDED | 0.008 | 0.092 | 0.03 | 0.00 |
| 250 | LIDAR_AIDED | 0.006 | 0.045 | 0.03 | 0.00 |
| 260 | LIDAR_AIDED | 0.014 | 0.040 | 0.05 | 0.00 |
| 270 | LIDAR_AIDED | 0.014 | 0.051 | 0.02 | 0.00 |
| 280 | LIDAR_AIDED | 0.005 | 0.081 | 0.06 | 0.00 |
| 290 | LIDAR_AIDED | 0.002 | 0.112 | 0.05 | 0.00 |

## LiDAR の照合（2455 回。出力の CSV から）

| 結果 | 回数 | inlier 中央値 | overlap 中央値 | overlap（地図の近く）中央値 |
|---|---|---|---|---|
| ACCEPTED | 2429 | 0.91 | 0.78 | 0.90 |
| NOT_CONVERGED | 25 | 0.83 | 0.61 | 0.84 |
| INITIALIZED | 1 | 1.00 | 0.98 | 0.00 |

## 推定ノードのログ

照合: `LiDAR matching summary (gicp): 2454 scans matched, 2429 accepted, 25 rejected by quality, time mean 15.9 ms / max 43.0 ms`

状態の移り変わり 1 回（時刻は初期化からの秒）:

```
     0.0  INITIALIZING -> LIDAR_AIDED
```

警告・エラー（数字を # にまとめた種類ごと）:

| 回数 | 最初（s） | 内容 |
|---|---|---|
| 1 | -3.4 | `WARN point cloud has no per-point time field: deskew is disabled` |


======== コミットして push
