[0.006s] Invoking command in '/ws/src/gnss_and_lidar_localization/build/shinjuku_map': CMAKE_PREFIX_PATH=${CMAKE_PREFIX_PATH}:/opt/ros/jazzy DEBUGINFOD_URLS=https://debuginfod.ubuntu.com /usr/bin/cmake /ws/src/gnss_and_lidar_localization/data/Shinjuku-Map -DCMAKE_INSTALL_PREFIX=/ws/src/gnss_and_lidar_localization/install/shinjuku_map
[0.092s] -- The C compiler identification is GNU 13.3.0
[0.137s] -- The CXX compiler identification is GNU 13.3.0
[0.152s] -- Detecting C compiler ABI info
[0.230s] -- Detecting C compiler ABI info - done
[0.240s] -- Check for working C compiler: /usr/bin/cc - skipped
[0.240s] -- Detecting C compile features
[0.240s] -- Detecting C compile features - done
[0.251s] -- Detecting CXX compiler ABI info
[0.345s] -- Detecting CXX compiler ABI info - done
[0.356s] -- Check for working CXX compiler: /usr/bin/c++ - skipped
[0.356s] -- Detecting CXX compile features
[0.356s] -- Detecting CXX compile features - done
[0.362s] -- Found ament_cmake: 2.5.6 (/opt/ros/jazzy/share/ament_cmake/cmake)
[0.479s] -- Found Python3: /usr/bin/python3 (found version "3.12.3") found components: Interpreter 
[0.619s] -- Configuring done (0.6s)
[0.623s] -- Generating done (0.0s)
[0.626s] -- Build files have been written to: /ws/src/gnss_and_lidar_localization/build/shinjuku_map
[0.630s] Invoked command in '/ws/src/gnss_and_lidar_localization/build/shinjuku_map' returned '0': CMAKE_PREFIX_PATH=${CMAKE_PREFIX_PATH}:/opt/ros/jazzy DEBUGINFOD_URLS=https://debuginfod.ubuntu.com /usr/bin/cmake /ws/src/gnss_and_lidar_localization/data/Shinjuku-Map -DCMAKE_INSTALL_PREFIX=/ws/src/gnss_and_lidar_localization/install/shinjuku_map
[0.631s] Invoking command in '/ws/src/gnss_and_lidar_localization/build/shinjuku_map': CMAKE_PREFIX_PATH=${CMAKE_PREFIX_PATH}:/opt/ros/jazzy DEBUGINFOD_URLS=https://debuginfod.ubuntu.com /usr/bin/cmake --build /ws/src/gnss_and_lidar_localization/build/shinjuku_map -- -j24 -l24
[0.681s] Invoked command in '/ws/src/gnss_and_lidar_localization/build/shinjuku_map' returned '0': CMAKE_PREFIX_PATH=${CMAKE_PREFIX_PATH}:/opt/ros/jazzy DEBUGINFOD_URLS=https://debuginfod.ubuntu.com /usr/bin/cmake --build /ws/src/gnss_and_lidar_localization/build/shinjuku_map -- -j24 -l24
[0.692s] Invoking command in '/ws/src/gnss_and_lidar_localization/build/shinjuku_map': CMAKE_PREFIX_PATH=${CMAKE_PREFIX_PATH}:/opt/ros/jazzy DEBUGINFOD_URLS=https://debuginfod.ubuntu.com /usr/bin/cmake --install /ws/src/gnss_and_lidar_localization/build/shinjuku_map
[0.701s] -- Install configuration: ""
[0.702s] -- Installing: /ws/src/gnss_and_lidar_localization/install/shinjuku_map/share/shinjuku_map/map
[0.702s] -- Installing: /ws/src/gnss_and_lidar_localization/install/shinjuku_map/share/shinjuku_map/map/map_projector_info.yaml
[0.702s] -- Installing: /ws/src/gnss_and_lidar_localization/install/shinjuku_map/share/shinjuku_map/map/lanelet2_map.osm
[0.711s] -- Installing: /ws/src/gnss_and_lidar_localization/install/shinjuku_map/share/shinjuku_map/map/pointcloud_map.pcd
[0.932s] -- Installing: /ws/src/gnss_and_lidar_localization/install/shinjuku_map/share/ament_index/resource_index/package_run_dependencies/shinjuku_map
[0.932s] -- Installing: /ws/src/gnss_and_lidar_localization/install/shinjuku_map/share/ament_index/resource_index/parent_prefix_path/shinjuku_map
[0.933s] -- Installing: /ws/src/gnss_and_lidar_localization/install/shinjuku_map/share/shinjuku_map/environment/ament_prefix_path.sh
[0.933s] -- Installing: /ws/src/gnss_and_lidar_localization/install/shinjuku_map/share/shinjuku_map/environment/ament_prefix_path.dsv
[0.933s] -- Installing: /ws/src/gnss_and_lidar_localization/install/shinjuku_map/share/shinjuku_map/environment/path.sh
[0.933s] -- Installing: /ws/src/gnss_and_lidar_localization/install/shinjuku_map/share/shinjuku_map/environment/path.dsv
[0.934s] -- Installing: /ws/src/gnss_and_lidar_localization/install/shinjuku_map/share/shinjuku_map/local_setup.bash
[0.934s] -- Installing: /ws/src/gnss_and_lidar_localization/install/shinjuku_map/share/shinjuku_map/local_setup.sh
[0.934s] -- Installing: /ws/src/gnss_and_lidar_localization/install/shinjuku_map/share/shinjuku_map/local_setup.zsh
[0.934s] -- Installing: /ws/src/gnss_and_lidar_localization/install/shinjuku_map/share/shinjuku_map/local_setup.dsv
[0.935s] -- Installing: /ws/src/gnss_and_lidar_localization/install/shinjuku_map/share/shinjuku_map/package.dsv
[0.935s] -- Installing: /ws/src/gnss_and_lidar_localization/install/shinjuku_map/share/ament_index/resource_index/packages/shinjuku_map
[0.935s] -- Installing: /ws/src/gnss_and_lidar_localization/install/shinjuku_map/share/shinjuku_map/cmake/shinjuku_mapConfig.cmake
[0.935s] -- Installing: /ws/src/gnss_and_lidar_localization/install/shinjuku_map/share/shinjuku_map/cmake/shinjuku_mapConfig-version.cmake
[0.935s] -- Installing: /ws/src/gnss_and_lidar_localization/install/shinjuku_map/share/shinjuku_map/package.xml
[0.938s] Invoked command in '/ws/src/gnss_and_lidar_localization/build/shinjuku_map' returned '0': CMAKE_PREFIX_PATH=${CMAKE_PREFIX_PATH}:/opt/ros/jazzy DEBUGINFOD_URLS=https://debuginfod.ubuntu.com /usr/bin/cmake --install /ws/src/gnss_and_lidar_localization/build/shinjuku_map
