-- The CXX compiler identification is GNU 13.3.0
-- Detecting CXX compiler ABI info
-- Detecting CXX compiler ABI info - done
-- Check for working CXX compiler: /usr/bin/c++ - skipped
-- Detecting CXX compile features
-- Detecting CXX compile features - done
-- Found OpenMP_CXX: -fopenmp (found version "4.5") 
-- Found OpenMP: TRUE (found version "4.5") found components: CXX 
-- Found OpenMP_CXX: -fopenmp (found version "4.5") 
-- Found GTest: /usr/lib/x86_64-linux-gnu/cmake/GTest/GTestConfig.cmake (found version "1.14.0")  
-- Configuring done (0.6s)
-- Generating done (0.0s)
-- Build files have been written to: /ws/src/gnss_and_lidar_localization/build/gll_core
[  2%] [32mBuilding CXX object CMakeFiles/gll_core.dir/src/inv_ekf_se2.cpp.o[0m
[  5%] [32mBuilding CXX object CMakeFiles/gll_core.dir/src/state_estimator.cpp.o[0m
[  7%] [32mBuilding CXX object CMakeFiles/gll_core.dir/src/output_smoother.cpp.o[0m
[ 10%] [32mBuilding CXX object CMakeFiles/gll_core.dir/src/status_monitor.cpp.o[0m
[ 12%] [32mBuilding CXX object CMakeFiles/gll_core.dir/src/motion_input_builder.cpp.o[0m
[ 15%] [32mBuilding CXX object CMakeFiles/gll_core.dir/src/gnss_measurement_builder.cpp.o[0m
[ 20%] [32mBuilding CXX object CMakeFiles/gll_core.dir/src/attitude_estimator.cpp.o[0m
[ 20%] [32mBuilding CXX object CMakeFiles/gll_core.dir/src/mahalanobis_gate.cpp.o[0m
[ 22%] [32mBuilding CXX object CMakeFiles/gll_core.dir/src/recovery_manager.cpp.o[0m
[ 27%] [32mBuilding CXX object CMakeFiles/gll_core.dir/src/gicp_matcher.cpp.o[0m
[ 27%] [32mBuilding CXX object CMakeFiles/gll_core.dir/src/scan_preprocessor.cpp.o[0m
[ 32%] [32mBuilding CXX object CMakeFiles/gll_core.dir/src/pose_store.cpp.o[0m
[ 32%] [32mBuilding CXX object CMakeFiles/gll_core.dir/src/lidar_measurement_builder.cpp.o[0m
[ 35%] [32mBuilding CXX object CMakeFiles/gll_core.dir/src/state_history.cpp.o[0m
[ 37%] [32mBuilding CXX object CMakeFiles/gll_core.dir/src/es_ekf_2d.cpp.o[0m
[ 40%] [32mBuilding CXX object CMakeFiles/gll_core.dir/src/source_arbiter.cpp.o[0m
[ 42%] [32mBuilding CXX object CMakeFiles/gll_core.dir/src/localizer.cpp.o[0m
[ 45%] [32mBuilding CXX object CMakeFiles/gll_core.dir/src/stop_detector.cpp.o[0m
[ 47%] [32mBuilding CXX object CMakeFiles/gll_core.dir/src/initializer.cpp.o[0m
[ 50%] [32m[1mLinking CXX static library libgll_core.a[0m
[ 50%] Built target gll_core
[ 52%] [32mBuilding CXX object CMakeFiles/test_attitude_estimator.dir/test/test_attitude_estimator.cpp.o[0m
[ 57%] [32mBuilding CXX object CMakeFiles/test_mahalanobis_gate.dir/test/test_mahalanobis_gate.cpp.o[0m
[ 57%] [32mBuilding CXX object CMakeFiles/test_estimators.dir/test/test_estimators.cpp.o[0m
[ 60%] [32mBuilding CXX object CMakeFiles/test_output_smoother.dir/test/test_output_smoother.cpp.o[0m
[ 62%] [32mBuilding CXX object CMakeFiles/test_lidar_localization.dir/test/test_lidar_localization.cpp.o[0m
[ 65%] [32mBuilding CXX object CMakeFiles/test_scan_matching.dir/test/test_scan_matching.cpp.o[0m
[ 67%] [32mBuilding CXX object CMakeFiles/test_gnss_measurement_builder.dir/test/test_gnss_measurement_builder.cpp.o[0m
[ 70%] [32mBuilding CXX object CMakeFiles/test_localizer_sim.dir/test/test_localizer_sim.cpp.o[0m
[ 72%] [32mBuilding CXX object CMakeFiles/test_state_history.dir/test/test_state_history.cpp.o[0m
[ 75%] [32mBuilding CXX object CMakeFiles/test_recovery_manager.dir/test/test_recovery_manager.cpp.o[0m
[ 77%] [32m[1mLinking CXX executable test_mahalanobis_gate[0m
[ 77%] Built target test_mahalanobis_gate
[ 80%] [32m[1mLinking CXX executable test_output_smoother[0m
[ 80%] Built target test_output_smoother
[ 82%] [32m[1mLinking CXX executable test_gnss_measurement_builder[0m
[ 82%] Built target test_gnss_measurement_builder
[ 85%] [32m[1mLinking CXX executable test_state_history[0m
[ 85%] Built target test_state_history
[ 87%] [32m[1mLinking CXX executable test_attitude_estimator[0m
[ 87%] Built target test_attitude_estimator
[ 90%] [32m[1mLinking CXX executable test_recovery_manager[0m
[ 90%] Built target test_recovery_manager
[ 92%] [32m[1mLinking CXX executable test_estimators[0m
[ 92%] Built target test_estimators
[ 95%] [32m[1mLinking CXX executable test_localizer_sim[0m
[ 95%] Built target test_localizer_sim
[ 97%] [32m[1mLinking CXX executable test_lidar_localization[0m
[ 97%] Built target test_lidar_localization
[100%] [32m[1mLinking CXX executable test_scan_matching[0m
[100%] Built target test_scan_matching
-- Install configuration: "Release"
-- Installing: /ws/src/gnss_and_lidar_localization/install/gll_core/lib/libgll_core.a
-- Installing: /ws/src/gnss_and_lidar_localization/install/gll_core/include
-- Installing: /ws/src/gnss_and_lidar_localization/install/gll_core/include/gll
-- Installing: /ws/src/gnss_and_lidar_localization/install/gll_core/include/gll/localizer.hpp
-- Installing: /ws/src/gnss_and_lidar_localization/install/gll_core/include/gll/common
-- Installing: /ws/src/gnss_and_lidar_localization/install/gll_core/include/gll/common/pose_store.hpp
-- Installing: /ws/src/gnss_and_lidar_localization/install/gll_core/include/gll/common/config.hpp
-- Installing: /ws/src/gnss_and_lidar_localization/install/gll_core/include/gll/common/tiled_pcd_map.hpp
-- Installing: /ws/src/gnss_and_lidar_localization/install/gll_core/include/gll/common/types.hpp
-- Installing: /ws/src/gnss_and_lidar_localization/install/gll_core/include/gll/measurement
-- Installing: /ws/src/gnss_and_lidar_localization/install/gll_core/include/gll/measurement/gnss_measurement_builder.hpp
-- Installing: /ws/src/gnss_and_lidar_localization/install/gll_core/include/gll/measurement/attitude_estimator.hpp
-- Installing: /ws/src/gnss_and_lidar_localization/install/gll_core/include/gll/measurement/stop_detector.hpp
-- Installing: /ws/src/gnss_and_lidar_localization/install/gll_core/include/gll/measurement/lidar_measurement_builder.hpp
-- Installing: /ws/src/gnss_and_lidar_localization/install/gll_core/include/gll/measurement/motion_input_builder.hpp
-- Installing: /ws/src/gnss_and_lidar_localization/install/gll_core/include/gll/estimation
-- Installing: /ws/src/gnss_and_lidar_localization/install/gll_core/include/gll/estimation/inv_ekf_se2.hpp
-- Installing: /ws/src/gnss_and_lidar_localization/install/gll_core/include/gll/estimation/recovery_manager.hpp
-- Installing: /ws/src/gnss_and_lidar_localization/install/gll_core/include/gll/estimation/output_smoother.hpp
-- Installing: /ws/src/gnss_and_lidar_localization/install/gll_core/include/gll/estimation/mahalanobis_gate.hpp
-- Installing: /ws/src/gnss_and_lidar_localization/install/gll_core/include/gll/estimation/initializer.hpp
-- Installing: /ws/src/gnss_and_lidar_localization/install/gll_core/include/gll/estimation/es_ekf_2d.hpp
-- Installing: /ws/src/gnss_and_lidar_localization/install/gll_core/include/gll/estimation/state_estimator.hpp
-- Installing: /ws/src/gnss_and_lidar_localization/install/gll_core/include/gll/estimation/state.hpp
-- Installing: /ws/src/gnss_and_lidar_localization/install/gll_core/include/gll/estimation/state_history.hpp
-- Installing: /ws/src/gnss_and_lidar_localization/install/gll_core/include/gll/estimation/status_monitor.hpp
-- Installing: /ws/src/gnss_and_lidar_localization/install/gll_core/include/gll/estimation/source_arbiter.hpp
-- Installing: /ws/src/gnss_and_lidar_localization/install/gll_core/include/gll/matching
-- Installing: /ws/src/gnss_and_lidar_localization/install/gll_core/include/gll/matching/scan_matcher.hpp
-- Installing: /ws/src/gnss_and_lidar_localization/install/gll_core/include/gll/matching/scan_preprocessor.hpp
-- Installing: /ws/src/gnss_and_lidar_localization/install/gll_core/include/gll/matching/gicp_matcher.hpp
-- Installing: /ws/src/gnss_and_lidar_localization/install/gll_core/lib/cmake/gll_core/gll_coreTargets.cmake
-- Installing: /ws/src/gnss_and_lidar_localization/install/gll_core/lib/cmake/gll_core/gll_coreTargets-release.cmake
-- Installing: /ws/src/gnss_and_lidar_localization/install/gll_core/lib/cmake/gll_core/gll_coreConfig.cmake
-- Installing: /ws/src/gnss_and_lidar_localization/install/gll_core/lib/cmake/gll_core/gll_coreConfigVersion.cmake
