[0.009s] Invoking command in '/ws/src/gnss_and_lidar_localization/build/gll_core': CMAKE_PREFIX_PATH=/ws/src/gnss_and_lidar_localization/install/tiled_pcd_map:/ws/install/gll_ros2:/ws/install/gll_core:/ws/install/tiled_pcd_map:/ws/install/shinjuku_map:/opt/ros/jazzy/opt/gz_math_vendor:/opt/ros/jazzy/opt/gz_utils_vendor:/opt/ros/jazzy/opt/gz_cmake_vendor:/opt/ros/jazzy DEBUGINFOD_URLS=https://debuginfod.ubuntu.com PATH=/ws/src/gnss_and_lidar_localization/install/tiled_pcd_map/bin:${PATH} PKG_CONFIG_PATH=/ws/src/gnss_and_lidar_localization/install/tiled_pcd_map/lib/x86_64-linux-gnu/pkgconfig:/ws/src/gnss_and_lidar_localization/install/tiled_pcd_map/lib/pkgconfig:${PKG_CONFIG_PATH} /usr/bin/cmake /ws/src/gnss_and_lidar_localization/core -DCMAKE_INSTALL_PREFIX=/ws/src/gnss_and_lidar_localization/install/gll_core
[0.094s] -- The CXX compiler identification is GNU 13.3.0
[0.108s] -- Detecting CXX compiler ABI info
[0.188s] -- Detecting CXX compiler ABI info - done
[0.199s] -- Check for working CXX compiler: /usr/bin/c++ - skipped
[0.200s] -- Detecting CXX compile features
[0.200s] -- Detecting CXX compile features - done
[0.493s] -- Found OpenMP_CXX: -fopenmp (found version "4.5") 
[0.493s] -- Found OpenMP: TRUE (found version "4.5") found components: CXX 
[0.496s] -- Found OpenMP_CXX: -fopenmp (found version "4.5") 
[0.619s] -- Found GTest: /usr/lib/x86_64-linux-gnu/cmake/GTest/GTestConfig.cmake (found version "1.14.0")  
[0.620s] -- Configuring done (0.6s)
[0.633s] -- Generating done (0.0s)
[0.636s] -- Build files have been written to: /ws/src/gnss_and_lidar_localization/build/gll_core
[0.639s] Invoked command in '/ws/src/gnss_and_lidar_localization/build/gll_core' returned '0': CMAKE_PREFIX_PATH=/ws/src/gnss_and_lidar_localization/install/tiled_pcd_map:/ws/install/gll_ros2:/ws/install/gll_core:/ws/install/tiled_pcd_map:/ws/install/shinjuku_map:/opt/ros/jazzy/opt/gz_math_vendor:/opt/ros/jazzy/opt/gz_utils_vendor:/opt/ros/jazzy/opt/gz_cmake_vendor:/opt/ros/jazzy DEBUGINFOD_URLS=https://debuginfod.ubuntu.com PATH=/ws/src/gnss_and_lidar_localization/install/tiled_pcd_map/bin:${PATH} PKG_CONFIG_PATH=/ws/src/gnss_and_lidar_localization/install/tiled_pcd_map/lib/x86_64-linux-gnu/pkgconfig:/ws/src/gnss_and_lidar_localization/install/tiled_pcd_map/lib/pkgconfig:${PKG_CONFIG_PATH} /usr/bin/cmake /ws/src/gnss_and_lidar_localization/core -DCMAKE_INSTALL_PREFIX=/ws/src/gnss_and_lidar_localization/install/gll_core
[0.639s] Invoking command in '/ws/src/gnss_and_lidar_localization/build/gll_core': CMAKE_PREFIX_PATH=/ws/src/gnss_and_lidar_localization/install/tiled_pcd_map:/ws/install/gll_ros2:/ws/install/gll_core:/ws/install/tiled_pcd_map:/ws/install/shinjuku_map:/opt/ros/jazzy/opt/gz_math_vendor:/opt/ros/jazzy/opt/gz_utils_vendor:/opt/ros/jazzy/opt/gz_cmake_vendor:/opt/ros/jazzy DEBUGINFOD_URLS=https://debuginfod.ubuntu.com PATH=/ws/src/gnss_and_lidar_localization/install/tiled_pcd_map/bin:${PATH} PKG_CONFIG_PATH=/ws/src/gnss_and_lidar_localization/install/tiled_pcd_map/lib/x86_64-linux-gnu/pkgconfig:/ws/src/gnss_and_lidar_localization/install/tiled_pcd_map/lib/pkgconfig:${PKG_CONFIG_PATH} /usr/bin/cmake --build /ws/src/gnss_and_lidar_localization/build/gll_core -- -j24 -l24
[0.721s] [  2%] [32mBuilding CXX object CMakeFiles/gll_core.dir/src/inv_ekf_se2.cpp.o[0m
[0.721s] [  5%] [32mBuilding CXX object CMakeFiles/gll_core.dir/src/state_estimator.cpp.o[0m
[0.727s] [  7%] [32mBuilding CXX object CMakeFiles/gll_core.dir/src/output_smoother.cpp.o[0m
[0.728s] [ 10%] [32mBuilding CXX object CMakeFiles/gll_core.dir/src/status_monitor.cpp.o[0m
[0.729s] [ 12%] [32mBuilding CXX object CMakeFiles/gll_core.dir/src/motion_input_builder.cpp.o[0m
[0.729s] [ 15%] [32mBuilding CXX object CMakeFiles/gll_core.dir/src/gnss_measurement_builder.cpp.o[0m
[0.730s] [ 20%] [32mBuilding CXX object CMakeFiles/gll_core.dir/src/attitude_estimator.cpp.o[0m
[0.730s] [ 20%] [32mBuilding CXX object CMakeFiles/gll_core.dir/src/mahalanobis_gate.cpp.o[0m
[0.731s] [ 22%] [32mBuilding CXX object CMakeFiles/gll_core.dir/src/recovery_manager.cpp.o[0m
[0.732s] [ 27%] [32mBuilding CXX object CMakeFiles/gll_core.dir/src/gicp_matcher.cpp.o[0m
[0.732s] [ 27%] [32mBuilding CXX object CMakeFiles/gll_core.dir/src/scan_preprocessor.cpp.o[0m
[0.732s] [ 32%] [32mBuilding CXX object CMakeFiles/gll_core.dir/src/pose_store.cpp.o[0m
[0.732s] [ 32%] [32mBuilding CXX object CMakeFiles/gll_core.dir/src/lidar_measurement_builder.cpp.o[0m
[0.733s] [ 35%] [32mBuilding CXX object CMakeFiles/gll_core.dir/src/state_history.cpp.o[0m
[0.734s] [ 37%] [32mBuilding CXX object CMakeFiles/gll_core.dir/src/es_ekf_2d.cpp.o[0m
[0.735s] [ 40%] [32mBuilding CXX object CMakeFiles/gll_core.dir/src/source_arbiter.cpp.o[0m
[0.735s] [ 42%] [32mBuilding CXX object CMakeFiles/gll_core.dir/src/localizer.cpp.o[0m
[0.735s] [ 45%] [32mBuilding CXX object CMakeFiles/gll_core.dir/src/stop_detector.cpp.o[0m
[0.736s] [ 47%] [32mBuilding CXX object CMakeFiles/gll_core.dir/src/initializer.cpp.o[0m
[8.277s] [ 50%] [32m[1mLinking CXX static library libgll_core.a[0m
[8.339s] [ 50%] Built target gll_core
[8.366s] [ 52%] [32mBuilding CXX object CMakeFiles/test_attitude_estimator.dir/test/test_attitude_estimator.cpp.o[0m
[8.366s] [ 57%] [32mBuilding CXX object CMakeFiles/test_mahalanobis_gate.dir/test/test_mahalanobis_gate.cpp.o[0m
[8.366s] [ 57%] [32mBuilding CXX object CMakeFiles/test_estimators.dir/test/test_estimators.cpp.o[0m
[8.366s] [ 60%] [32mBuilding CXX object CMakeFiles/test_output_smoother.dir/test/test_output_smoother.cpp.o[0m
[8.366s] [ 62%] [32mBuilding CXX object CMakeFiles/test_lidar_localization.dir/test/test_lidar_localization.cpp.o[0m
[8.367s] [ 65%] [32mBuilding CXX object CMakeFiles/test_scan_matching.dir/test/test_scan_matching.cpp.o[0m
[8.371s] [ 67%] [32mBuilding CXX object CMakeFiles/test_gnss_measurement_builder.dir/test/test_gnss_measurement_builder.cpp.o[0m
[8.376s] [ 70%] [32mBuilding CXX object CMakeFiles/test_localizer_sim.dir/test/test_localizer_sim.cpp.o[0m
[8.382s] [ 72%] [32mBuilding CXX object CMakeFiles/test_state_history.dir/test/test_state_history.cpp.o[0m
[8.385s] [ 75%] [32mBuilding CXX object CMakeFiles/test_recovery_manager.dir/test/test_recovery_manager.cpp.o[0m
[9.301s] [ 77%] [32m[1mLinking CXX executable test_mahalanobis_gate[0m
[9.424s] [ 77%] Built target test_mahalanobis_gate
[9.514s] [ 80%] [32m[1mLinking CXX executable test_output_smoother[0m
[9.610s] [ 80%] Built target test_output_smoother
[9.926s] [ 82%] [32m[1mLinking CXX executable test_gnss_measurement_builder[0m
[10.003s] [ 82%] Built target test_gnss_measurement_builder
[10.050s] [ 85%] [32m[1mLinking CXX executable test_state_history[0m
[10.129s] [ 85%] Built target test_state_history
[10.336s] [ 87%] [32m[1mLinking CXX executable test_attitude_estimator[0m
[10.405s] [ 87%] Built target test_attitude_estimator
[10.492s] [ 90%] [32m[1mLinking CXX executable test_recovery_manager[0m
[10.561s] [ 90%] Built target test_recovery_manager
[10.817s] [ 92%] [32m[1mLinking CXX executable test_estimators[0m
[10.887s] [ 92%] Built target test_estimators
[11.141s] [ 95%] [32m[1mLinking CXX executable test_localizer_sim[0m
[11.212s] [ 95%] Built target test_localizer_sim
[13.265s] [ 97%] [32m[1mLinking CXX executable test_lidar_localization[0m
[13.337s] [ 97%] Built target test_lidar_localization
[15.058s] [100%] [32m[1mLinking CXX executable test_scan_matching[0m
[15.123s] [100%] Built target test_scan_matching
[15.135s] Invoked command in '/ws/src/gnss_and_lidar_localization/build/gll_core' returned '0': CMAKE_PREFIX_PATH=/ws/src/gnss_and_lidar_localization/install/tiled_pcd_map:/ws/install/gll_ros2:/ws/install/gll_core:/ws/install/tiled_pcd_map:/ws/install/shinjuku_map:/opt/ros/jazzy/opt/gz_math_vendor:/opt/ros/jazzy/opt/gz_utils_vendor:/opt/ros/jazzy/opt/gz_cmake_vendor:/opt/ros/jazzy DEBUGINFOD_URLS=https://debuginfod.ubuntu.com PATH=/ws/src/gnss_and_lidar_localization/install/tiled_pcd_map/bin:${PATH} PKG_CONFIG_PATH=/ws/src/gnss_and_lidar_localization/install/tiled_pcd_map/lib/x86_64-linux-gnu/pkgconfig:/ws/src/gnss_and_lidar_localization/install/tiled_pcd_map/lib/pkgconfig:${PKG_CONFIG_PATH} /usr/bin/cmake --build /ws/src/gnss_and_lidar_localization/build/gll_core -- -j24 -l24
[15.136s] Invoking command in '/ws/src/gnss_and_lidar_localization/build/gll_core': CMAKE_PREFIX_PATH=/ws/src/gnss_and_lidar_localization/install/tiled_pcd_map:/ws/install/gll_ros2:/ws/install/gll_core:/ws/install/tiled_pcd_map:/ws/install/shinjuku_map:/opt/ros/jazzy/opt/gz_math_vendor:/opt/ros/jazzy/opt/gz_utils_vendor:/opt/ros/jazzy/opt/gz_cmake_vendor:/opt/ros/jazzy DEBUGINFOD_URLS=https://debuginfod.ubuntu.com PATH=/ws/src/gnss_and_lidar_localization/install/tiled_pcd_map/bin:${PATH} PKG_CONFIG_PATH=/ws/src/gnss_and_lidar_localization/install/tiled_pcd_map/lib/x86_64-linux-gnu/pkgconfig:/ws/src/gnss_and_lidar_localization/install/tiled_pcd_map/lib/pkgconfig:${PKG_CONFIG_PATH} /usr/bin/cmake --install /ws/src/gnss_and_lidar_localization/build/gll_core
[15.141s] -- Install configuration: "Release"
[15.141s] -- Installing: /ws/src/gnss_and_lidar_localization/install/gll_core/lib/libgll_core.a
[15.141s] -- Installing: /ws/src/gnss_and_lidar_localization/install/gll_core/include
[15.141s] -- Installing: /ws/src/gnss_and_lidar_localization/install/gll_core/include/gll
[15.142s] -- Installing: /ws/src/gnss_and_lidar_localization/install/gll_core/include/gll/localizer.hpp
[15.142s] -- Installing: /ws/src/gnss_and_lidar_localization/install/gll_core/include/gll/common
[15.142s] -- Installing: /ws/src/gnss_and_lidar_localization/install/gll_core/include/gll/common/pose_store.hpp
[15.142s] -- Installing: /ws/src/gnss_and_lidar_localization/install/gll_core/include/gll/common/config.hpp
[15.142s] -- Installing: /ws/src/gnss_and_lidar_localization/install/gll_core/include/gll/common/tiled_pcd_map.hpp
[15.142s] -- Installing: /ws/src/gnss_and_lidar_localization/install/gll_core/include/gll/common/types.hpp
[15.142s] -- Installing: /ws/src/gnss_and_lidar_localization/install/gll_core/include/gll/measurement
[15.142s] -- Installing: /ws/src/gnss_and_lidar_localization/install/gll_core/include/gll/measurement/gnss_measurement_builder.hpp
[15.142s] -- Installing: /ws/src/gnss_and_lidar_localization/install/gll_core/include/gll/measurement/attitude_estimator.hpp
[15.142s] -- Installing: /ws/src/gnss_and_lidar_localization/install/gll_core/include/gll/measurement/stop_detector.hpp
[15.142s] -- Installing: /ws/src/gnss_and_lidar_localization/install/gll_core/include/gll/measurement/lidar_measurement_builder.hpp
[15.143s] -- Installing: /ws/src/gnss_and_lidar_localization/install/gll_core/include/gll/measurement/motion_input_builder.hpp
[15.143s] -- Installing: /ws/src/gnss_and_lidar_localization/install/gll_core/include/gll/estimation
[15.143s] -- Installing: /ws/src/gnss_and_lidar_localization/install/gll_core/include/gll/estimation/inv_ekf_se2.hpp
[15.143s] -- Installing: /ws/src/gnss_and_lidar_localization/install/gll_core/include/gll/estimation/recovery_manager.hpp
[15.143s] -- Installing: /ws/src/gnss_and_lidar_localization/install/gll_core/include/gll/estimation/output_smoother.hpp
[15.143s] -- Installing: /ws/src/gnss_and_lidar_localization/install/gll_core/include/gll/estimation/mahalanobis_gate.hpp
[15.143s] -- Installing: /ws/src/gnss_and_lidar_localization/install/gll_core/include/gll/estimation/initializer.hpp
[15.143s] -- Installing: /ws/src/gnss_and_lidar_localization/install/gll_core/include/gll/estimation/es_ekf_2d.hpp
[15.143s] -- Installing: /ws/src/gnss_and_lidar_localization/install/gll_core/include/gll/estimation/state_estimator.hpp
[15.143s] -- Installing: /ws/src/gnss_and_lidar_localization/install/gll_core/include/gll/estimation/state.hpp
[15.143s] -- Installing: /ws/src/gnss_and_lidar_localization/install/gll_core/include/gll/estimation/state_history.hpp
[15.143s] -- Installing: /ws/src/gnss_and_lidar_localization/install/gll_core/include/gll/estimation/status_monitor.hpp
[15.143s] -- Installing: /ws/src/gnss_and_lidar_localization/install/gll_core/include/gll/estimation/source_arbiter.hpp
[15.144s] -- Installing: /ws/src/gnss_and_lidar_localization/install/gll_core/include/gll/matching
[15.144s] -- Installing: /ws/src/gnss_and_lidar_localization/install/gll_core/include/gll/matching/scan_matcher.hpp
[15.144s] -- Installing: /ws/src/gnss_and_lidar_localization/install/gll_core/include/gll/matching/scan_preprocessor.hpp
[15.144s] -- Installing: /ws/src/gnss_and_lidar_localization/install/gll_core/include/gll/matching/gicp_matcher.hpp
[15.144s] -- Installing: /ws/src/gnss_and_lidar_localization/install/gll_core/lib/cmake/gll_core/gll_coreTargets.cmake
[15.144s] -- Installing: /ws/src/gnss_and_lidar_localization/install/gll_core/lib/cmake/gll_core/gll_coreTargets-release.cmake
[15.144s] -- Installing: /ws/src/gnss_and_lidar_localization/install/gll_core/lib/cmake/gll_core/gll_coreConfig.cmake
[15.144s] -- Installing: /ws/src/gnss_and_lidar_localization/install/gll_core/lib/cmake/gll_core/gll_coreConfigVersion.cmake
[15.145s] Invoked command in '/ws/src/gnss_and_lidar_localization/build/gll_core' returned '0': CMAKE_PREFIX_PATH=/ws/src/gnss_and_lidar_localization/install/tiled_pcd_map:/ws/install/gll_ros2:/ws/install/gll_core:/ws/install/tiled_pcd_map:/ws/install/shinjuku_map:/opt/ros/jazzy/opt/gz_math_vendor:/opt/ros/jazzy/opt/gz_utils_vendor:/opt/ros/jazzy/opt/gz_cmake_vendor:/opt/ros/jazzy DEBUGINFOD_URLS=https://debuginfod.ubuntu.com PATH=/ws/src/gnss_and_lidar_localization/install/tiled_pcd_map/bin:${PATH} PKG_CONFIG_PATH=/ws/src/gnss_and_lidar_localization/install/tiled_pcd_map/lib/x86_64-linux-gnu/pkgconfig:/ws/src/gnss_and_lidar_localization/install/tiled_pcd_map/lib/pkgconfig:${PKG_CONFIG_PATH} /usr/bin/cmake --install /ws/src/gnss_and_lidar_localization/build/gll_core
