[INFO] [1790753534.691795456] [awsim_drive]: route: 689 points, 1538 m ahead (start 0.2 m from the car). waiting 5 s
[INFO] [1790753540.015518494] [awsim_drive]: v   1.7 km/h (target  25.0),  1538 m to go
[INFO] [1790753541.015207633] [awsim_drive]: v   8.4 km/h (target  25.0),  1536 m to go
[INFO] [1790753542.015256144] [awsim_drive]: v  15.2 km/h (target  25.0),  1533 m to go
[INFO] [1790753543.014868130] [awsim_drive]: v  20.7 km/h (target  25.0),  1528 m to go
[INFO] [1790753544.017067469] [awsim_drive]: v  23.9 km/h (target  23.8),  1522 m to go
[INFO] [1790753545.015067450] [awsim_drive]: v  23.8 km/h (target  19.9),  1515 m to go
[INFO] [1790753546.015354317] [awsim_drive]: v  21.5 km/h (target  15.9),  1508 m to go
[INFO] [1790753547.015299128] [awsim_drive]: v  19.9 km/h (target  16.2),  1503 m to go
[INFO] [1790753548.015038020] [awsim_drive]: v  19.4 km/h (target  17.0),  1498 m to go
[INFO] [1790753549.015164885] [awsim_drive]: v  21.5 km/h (target  25.0),  1492 m to go
[INFO] [1790753550.014872976] [awsim_drive]: v  25.1 km/h (target  25.0),  1485 m to go
[INFO] [1790753551.014977566] [awsim_drive]: v  26.6 km/h (target  25.0),  1478 m to go
[INFO] [1790753552.014890624] [awsim_drive]: v  27.0 km/h (target  25.0),  1470 m to go
[INFO] [1790753553.015140596] [awsim_drive]: v  26.8 km/h (target  25.0),  1463 m to go
[INFO] [1790753554.014941179] [awsim_drive]: v  26.4 km/h (target  25.0),  1456 m to go
[INFO] [1790753555.015098888] [awsim_drive]: v  26.0 km/h (target  25.0),  1448 m to go
[INFO] [1790753556.015045275] [awsim_drive]: v  25.6 km/h (target  25.0),  1442 m to go
[INFO] [1790753557.014935906] [awsim_drive]: v  25.4 km/h (target  25.0),  1434 m to go
[INFO] [1790753558.014898103] [awsim_drive]: v  25.2 km/h (target  25.0),  1427 m to go
[INFO] [1790753559.015307002] [awsim_drive]: v  25.1 km/h (target  25.0),  1420 m to go
[INFO] [1790753560.014874982] [awsim_drive]: v  25.0 km/h (target  25.0),  1413 m to go
[INFO] [1790753561.015052983] [awsim_drive]: v  24.9 km/h (target  25.0),  1406 m to go
[INFO] [1790753562.015148804] [awsim_drive]: v  24.9 km/h (target  25.0),  1400 m to go
[INFO] [1790753563.014872230] [awsim_drive]: v  24.9 km/h (target  25.0),  1392 m to go
[INFO] [1790753564.016024822] [awsim_drive]: v  24.9 km/h (target  25.0),  1386 m to go
[INFO] [1790753565.014917565] [awsim_drive]: v  24.9 km/h (target  25.0),  1378 m to go
[INFO] [1790753566.014958303] [awsim_drive]: v  25.0 km/h (target  25.0),  1372 m to go
[INFO] [1790753567.015282224] [awsim_drive]: v  25.0 km/h (target  25.0),  1364 m to go
[INFO] [1790753568.014972563] [awsim_drive]: v  25.1 km/h (target  25.0),  1358 m to go
[INFO] [1790753569.015252074] [awsim_drive]: v  25.1 km/h (target  25.0),  1351 m to go
[INFO] [1790753570.015788705] [awsim_drive]: v  25.1 km/h (target  25.0),  1344 m to go
[INFO] [1790753571.014993616] [awsim_drive]: v  25.1 km/h (target  25.0),  1337 m to go
[INFO] [1790753572.015076595] [awsim_drive]: v  25.1 km/h (target  25.0),  1330 m to go
[INFO] [1790753573.017200119] [awsim_drive]: v  25.1 km/h (target  25.0),  1323 m to go
[INFO] [1790753574.014969327] [awsim_drive]: v  25.1 km/h (target  25.0),  1316 m to go
[INFO] [1790753575.014790387] [awsim_drive]: v  25.0 km/h (target  25.0),  1309 m to go
[INFO] [1790753576.015247183] [awsim_drive]: v  25.0 km/h (target  25.0),  1302 m to go
[INFO] [1790753577.014904474] [awsim_drive]: v  24.7 km/h (target  23.6),  1295 m to go
[INFO] [1790753578.014834703] [awsim_drive]: v  22.7 km/h (target  19.8),  1288 m to go
[INFO] [1790753579.015148930] [awsim_drive]: v  19.6 km/h (target  16.7),  1282 m to go
[INFO] [1790753580.016188670] [awsim_drive]: v  17.5 km/h (target  16.5),  1278 m to go
[INFO] [1790753581.015265602] [awsim_drive]: v  17.7 km/h (target  18.5),  1272 m to go
[INFO] [1790753582.014924779] [awsim_drive]: v  17.8 km/h (target  18.2),  1268 m to go
[INFO] [1790753583.014923023] [awsim_drive]: v  17.3 km/h (target  17.2),  1263 m to go
[INFO] [1790753584.014961050] [awsim_drive]: v  20.0 km/h (target  25.0),  1258 m to go
[INFO] [1790753585.015130486] [awsim_drive]: v  23.3 km/h (target  25.0),  1252 m to go
[INFO] [1790753586.015499471] [awsim_drive]: v  25.2 km/h (target  25.0),  1245 m to go
[INFO] [1790753587.014949804] [awsim_drive]: v  26.0 km/h (target  25.0),  1238 m to go
[INFO] [1790753588.015200591] [awsim_drive]: v  26.2 km/h (target  25.0),  1230 m to go
[INFO] [1790753589.015298994] [awsim_drive]: v  26.1 km/h (target  25.0),  1224 m to go
[INFO] [1790753590.014819505] [awsim_drive]: v  25.8 km/h (target  25.0),  1216 m to go
[INFO] [1790753591.014942560] [awsim_drive]: v  25.6 km/h (target  25.0),  1209 m to go
[INFO] [1790753592.014907800] [awsim_drive]: v  25.4 km/h (target  25.0),  1202 m to go
[INFO] [1790753593.014875505] [awsim_drive]: v  25.2 km/h (target  25.0),  1195 m to go
[INFO] [1790753594.015302009] [awsim_drive]: v  25.1 km/h (target  25.0),  1188 m to go
[INFO] [1790753595.015470600] [awsim_drive]: v  25.0 km/h (target  25.0),  1181 m to go
[INFO] [1790753596.014946303] [awsim_drive]: v  24.9 km/h (target  25.0),  1174 m to go
[INFO] [1790753597.014901315] [awsim_drive]: v  24.9 km/h (target  25.0),  1167 m to go
[INFO] [1790753598.014818211] [awsim_drive]: v  24.9 km/h (target  25.0),  1160 m to go
[INFO] [1790753599.015078364] [awsim_drive]: v  24.9 km/h (target  25.0),  1153 m to go
[INFO] [1790753600.015013216] [awsim_drive]: v  24.9 km/h (target  25.0),  1146 m to go
[INFO] [1790753601.015009987] [awsim_drive]: v  25.0 km/h (target  25.0),  1139 m to go
[INFO] [1790753602.015120461] [awsim_drive]: v  25.1 km/h (target  25.0),  1132 m to go
[INFO] [1790753603.015210871] [awsim_drive]: v  25.0 km/h (target  25.0),  1126 m to go
[INFO] [1790753604.015296597] [awsim_drive]: v  24.8 km/h (target  25.0),  1118 m to go
[INFO] [1790753605.015076269] [awsim_drive]: v  24.5 km/h (target  23.2),  1112 m to go
[INFO] [1790753606.014966897] [awsim_drive]: v  22.3 km/h (target  19.2),  1105 m to go
[INFO] [1790753607.015057659] [awsim_drive]: v  18.7 km/h (target  16.0),  1100 m to go
[INFO] [1790753608.014843813] [awsim_drive]: v  16.1 km/h (target  16.2),  1094 m to go
[INFO] [1790753609.015219401] [awsim_drive]: v  15.2 km/h (target  14.9),  1090 m to go
[INFO] [1790753610.014841939] [awsim_drive]: v  14.7 km/h (target  16.2),  1086 m to go
[INFO] [1790753611.014888348] [awsim_drive]: v  15.6 km/h (target  18.5),  1082 m to go
[INFO] [1790753612.015190478] [awsim_drive]: v  19.7 km/h (target  25.0),  1077 m to go
[INFO] [1790753613.016185948] [awsim_drive]: v  23.1 km/h (target  25.0),  1071 m to go
[INFO] [1790753614.015511425] [awsim_drive]: v  25.1 km/h (target  25.0),  1064 m to go
[INFO] [1790753615.014971891] [awsim_drive]: v  25.7 km/h (target  25.0),  1058 m to go
[INFO] [1790753616.015021195] [awsim_drive]: v  25.8 km/h (target  25.0),  1050 m to go
[INFO] [1790753617.014848250] [awsim_drive]: v  25.7 km/h (target  25.0),  1043 m to go
[INFO] [1790753618.015034508] [awsim_drive]: v  25.5 km/h (target  25.0),  1036 m to go
[INFO] [1790753619.014995316] [awsim_drive]: v  25.3 km/h (target  25.0),  1029 m to go
[INFO] [1790753620.014992439] [awsim_drive]: v  25.1 km/h (target  25.0),  1022 m to go
[INFO] [1790753621.015172389] [awsim_drive]: v  25.1 km/h (target  25.0),  1014 m to go
[INFO] [1790753622.014865220] [awsim_drive]: v  25.0 km/h (target  25.0),  1008 m to go
[INFO] [1790753623.014809691] [awsim_drive]: v  25.0 km/h (target  25.0),  1001 m to go
[INFO] [1790753624.014840535] [awsim_drive]: v  25.0 km/h (target  25.0),   994 m to go
[INFO] [1790753625.015286885] [awsim_drive]: v  25.0 km/h (target  25.0),   987 m to go
[INFO] [1790753626.014934133] [awsim_drive]: v  25.0 km/h (target  25.0),   980 m to go
[INFO] [1790753627.015878206] [awsim_drive]: v  25.0 km/h (target  25.0),   973 m to go
[INFO] [1790753628.015583972] [awsim_drive]: v  25.0 km/h (target  25.0),   966 m to go
[INFO] [1790753629.015796228] [awsim_drive]: v  25.0 km/h (target  25.0),   960 m to go
[INFO] [1790753630.015248005] [awsim_drive]: v  24.9 km/h (target  25.0),   952 m to go
[INFO] [1790753631.014852830] [awsim_drive]: v   8.1 km/h (target  25.0),   946 m to go
[INFO] [1790753632.015122012] [awsim_drive]: v  -0.0 km/h (target  25.0),   946 m to go
[INFO] [1790753633.015505619] [awsim_drive]: v   4.8 km/h (target  25.0),   946 m to go
[INFO] [1790753634.014785458] [awsim_drive]: v  11.9 km/h (target  25.0),   943 m to go
[INFO] [1790753635.015289446] [awsim_drive]: v  18.7 km/h (target  25.0),   939 m to go
[INFO] [1790753636.014900857] [awsim_drive]: v  22.7 km/h (target  25.0),   933 m to go
[INFO] [1790753637.015023183] [awsim_drive]: v  24.9 km/h (target  25.0),   926 m to go
[INFO] [1790753638.014885973] [awsim_drive]: v  25.9 km/h (target  25.0),   919 m to go
[INFO] [1790753639.015026375] [awsim_drive]: v  26.2 km/h (target  25.0),   912 m to go
[INFO] [1790753640.015015075] [awsim_drive]: v  26.1 km/h (target  25.0),   905 m to go
[INFO] [1790753641.015340147] [awsim_drive]: v  25.8 km/h (target  25.0),   898 m to go
[INFO] [1790753642.014846667] [awsim_drive]: v  25.5 km/h (target  25.0),   890 m to go
[INFO] [1790753643.015652473] [awsim_drive]: v  25.2 km/h (target  25.0),   884 m to go
[INFO] [1790753644.016935490] [awsim_drive]: v  25.0 km/h (target  25.0),   876 m to go
[INFO] [1790753645.014866321] [awsim_drive]: v  24.9 km/h (target  25.0),   870 m to go
[INFO] [1790753646.015298835] [awsim_drive]: v  24.8 km/h (target  25.0),   862 m to go
[INFO] [1790753647.015002345] [awsim_drive]: v  24.8 km/h (target  25.0),   856 m to go
[INFO] [1790753648.015106667] [awsim_drive]: v  24.8 km/h (target  25.0),   849 m to go
[INFO] [1790753649.014827706] [awsim_drive]: v  24.7 km/h (target  25.0),   842 m to go
[INFO] [1790753650.015160900] [awsim_drive]: v  24.4 km/h (target  25.0),   835 m to go
[INFO] [1790753651.014957528] [awsim_drive]: v  24.2 km/h (target  25.0),   828 m to go
[INFO] [1790753652.015460898] [awsim_drive]: v  24.4 km/h (target  25.0),   822 m to go
[INFO] [1790753653.015720597] [awsim_drive]: v  24.6 km/h (target  25.0),   815 m to go
[INFO] [1790753654.015920363] [awsim_drive]: v  24.7 km/h (target  25.0),   808 m to go
[INFO] [1790753655.014940482] [awsim_drive]: v  24.4 km/h (target  22.5),   801 m to go
[INFO] [1790753656.014898939] [awsim_drive]: v  22.2 km/h (target  18.4),   794 m to go
[INFO] [1790753657.014876945] [awsim_drive]: v  21.5 km/h (target  25.0),   789 m to go
[INFO] [1790753658.015353658] [awsim_drive]: v  23.9 km/h (target  25.0),   782 m to go
[INFO] [1790753659.014871880] [awsim_drive]: v  25.2 km/h (target  25.0),   776 m to go
[INFO] [1790753660.015013032] [awsim_drive]: v  25.8 km/h (target  25.0),   768 m to go
[INFO] [1790753661.014945212] [awsim_drive]: v  25.9 km/h (target  25.0),   762 m to go
[INFO] [1790753662.014845011] [awsim_drive]: v  25.9 km/h (target  25.0),   754 m to go
[INFO] [1790753663.015404960] [awsim_drive]: v  25.8 km/h (target  25.0),   747 m to go
[INFO] [1790753664.014841751] [awsim_drive]: v  25.6 km/h (target  24.9),   740 m to go
[INFO] [1790753665.015034577] [awsim_drive]: v  24.3 km/h (target  21.2),   733 m to go
[INFO] [1790753666.015024680] [awsim_drive]: v  21.4 km/h (target  16.8),   726 m to go
[INFO] [1790753667.014891670] [awsim_drive]: v  18.4 km/h (target  14.4),   721 m to go
[INFO] [1790753668.014919099] [awsim_drive]: v  17.1 km/h (target  14.5),   716 m to go
[INFO] [1790753669.014879988] [awsim_drive]: v  16.4 km/h (target  16.1),   712 m to go
[INFO] [1790753670.014949799] [awsim_drive]: v  18.0 km/h (target  19.9),   706 m to go
[INFO] [1790753671.015703185] [awsim_drive]: v  22.2 km/h (target  25.0),   701 m to go
[INFO] [1790753672.014951063] [awsim_drive]: v  24.9 km/h (target  25.0),   694 m to go
[INFO] [1790753673.014912234] [awsim_drive]: v  26.2 km/h (target  25.0),   687 m to go
[INFO] [1790753674.015681198] [awsim_drive]: v  26.5 km/h (target  25.0),   680 m to go
[INFO] [1790753675.014887347] [awsim_drive]: v  26.4 km/h (target  25.0),   672 m to go
[INFO] [1790753676.014847639] [awsim_drive]: v  26.1 km/h (target  25.0),   666 m to go
[INFO] [1790753677.014918290] [awsim_drive]: v  25.8 km/h (target  25.0),   658 m to go
[INFO] [1790753678.015229519] [awsim_drive]: v  25.5 km/h (target  25.0),   651 m to go
[INFO] [1790753679.014985784] [awsim_drive]: v  25.2 km/h (target  25.0),   644 m to go
[INFO] [1790753680.014956542] [awsim_drive]: v  24.9 km/h (target  25.0),   637 m to go
[INFO] [1790753681.014954848] [awsim_drive]: v  24.8 km/h (target  25.0),   630 m to go
[INFO] [1790753682.015695387] [awsim_drive]: v  25.0 km/h (target  25.0),   623 m to go
[INFO] [1790753683.014929340] [awsim_drive]: v  25.2 km/h (target  25.0),   616 m to go
[INFO] [1790753684.014848135] [awsim_drive]: v  25.2 km/h (target  25.0),   609 m to go
[INFO] [1790753685.015177609] [awsim_drive]: v  25.2 km/h (target  25.0),   602 m to go
[INFO] [1790753686.014826104] [awsim_drive]: v  25.1 km/h (target  25.0),   595 m to go
[INFO] [1790753687.016300358] [awsim_drive]: v  25.2 km/h (target  25.0),   588 m to go
[INFO] [1790753688.016616509] [awsim_drive]: v  25.2 km/h (target  25.0),   582 m to go
[INFO] [1790753689.014838272] [awsim_drive]: v  25.2 km/h (target  25.0),   574 m to go
[INFO] [1790753690.014996842] [awsim_drive]: v  25.1 km/h (target  25.0),   568 m to go
[INFO] [1790753691.016201342] [awsim_drive]: v  24.8 km/h (target  25.0),   560 m to go
[INFO] [1790753692.014965287] [awsim_drive]: v  24.7 km/h (target  25.0),   554 m to go
[INFO] [1790753693.015328356] [awsim_drive]: v  24.8 km/h (target  25.0),   546 m to go
[INFO] [1790753694.015581691] [awsim_drive]: v  24.9 km/h (target  25.0),   540 m to go
[INFO] [1790753695.015229425] [awsim_drive]: v  25.0 km/h (target  25.0),   533 m to go
[INFO] [1790753696.014927485] [awsim_drive]: v  25.1 km/h (target  25.0),   526 m to go
[INFO] [1790753697.014922820] [awsim_drive]: v  25.1 km/h (target  25.0),   518 m to go
[INFO] [1790753698.015236170] [awsim_drive]: v  25.1 km/h (target  25.0),   512 m to go
[INFO] [1790753699.015074680] [awsim_drive]: v  25.0 km/h (target  25.0),   505 m to go
[INFO] [1790753700.015106568] [awsim_drive]: v  25.0 km/h (target  25.0),   498 m to go
[INFO] [1790753701.014931141] [awsim_drive]: v  24.9 km/h (target  25.0),   491 m to go
[INFO] [1790753702.014881346] [awsim_drive]: v  25.0 km/h (target  25.0),   484 m to go
[INFO] [1790753703.015022573] [awsim_drive]: v  25.0 km/h (target  25.0),   477 m to go
[INFO] [1790753704.015219221] [awsim_drive]: v  25.0 km/h (target  25.0),   470 m to go
[INFO] [1790753705.017105739] [awsim_drive]: v  25.0 km/h (target  25.0),   463 m to go
[INFO] [1790753706.015325309] [awsim_drive]: v  25.0 km/h (target  25.0),   456 m to go
[INFO] [1790753707.015434901] [awsim_drive]: v  25.0 km/h (target  25.0),   449 m to go
[INFO] [1790753708.014859507] [awsim_drive]: v  25.1 km/h (target  25.0),   442 m to go
[INFO] [1790753709.015024716] [awsim_drive]: v  25.1 km/h (target  25.0),   436 m to go
[INFO] [1790753710.015333134] [awsim_drive]: v  25.1 km/h (target  25.0),   428 m to go
[INFO] [1790753711.015107212] [awsim_drive]: v  25.0 km/h (target  25.0),   422 m to go
[INFO] [1790753712.014855877] [awsim_drive]: v  25.0 km/h (target  25.0),   414 m to go
[INFO] [1790753713.015234202] [awsim_drive]: v  25.0 km/h (target  25.0),   408 m to go
[INFO] [1790753714.014959944] [awsim_drive]: v  25.0 km/h (target  25.0),   400 m to go
[INFO] [1790753715.015191934] [awsim_drive]: v  25.0 km/h (target  25.0),   394 m to go
[INFO] [1790753716.014834303] [awsim_drive]: v  25.0 km/h (target  25.0),   386 m to go
[INFO] [1790753717.015252993] [awsim_drive]: v  25.0 km/h (target  25.0),   380 m to go
[INFO] [1790753718.015007343] [awsim_drive]: v  25.0 km/h (target  25.0),   373 m to go
[INFO] [1790753719.014974950] [awsim_drive]: v  25.0 km/h (target  25.0),   366 m to go
[INFO] [1790753720.015108543] [awsim_drive]: v  24.2 km/h (target  21.7),   359 m to go
[INFO] [1790753721.015314408] [awsim_drive]: v  21.5 km/h (target  17.3),   352 m to go
[INFO] [1790753722.014866266] [awsim_drive]: v  17.9 km/h (target  15.1),   347 m to go
[INFO] [1790753723.014890351] [awsim_drive]: v  16.8 km/h (target  16.1),   342 m to go
[INFO] [1790753724.015088381] [awsim_drive]: v  17.9 km/h (target  17.7),   338 m to go
[INFO] [1790753725.014879881] [awsim_drive]: v  17.6 km/h (target  16.2),   332 m to go
[INFO] [1790753726.014854026] [awsim_drive]: v  18.1 km/h (target  19.7),   328 m to go
[INFO] [1790753727.015145010] [awsim_drive]: v  21.1 km/h (target  21.1),   322 m to go
[INFO] [1790753728.014936635] [awsim_drive]: v  23.4 km/h (target  25.0),   316 m to go
[INFO] [1790753729.015053771] [awsim_drive]: v  24.5 km/h (target  25.0),   310 m to go
[INFO] [1790753730.015208868] [awsim_drive]: v  25.1 km/h (target  25.0),   302 m to go
[INFO] [1790753731.015314694] [awsim_drive]: v  25.3 km/h (target  25.0),   296 m to go
[INFO] [1790753732.015129303] [awsim_drive]: v  25.3 km/h (target  25.0),   288 m to go
[INFO] [1790753733.015024576] [awsim_drive]: v  25.3 km/h (target  25.0),   282 m to go
[INFO] [1790753734.015172600] [awsim_drive]: v  25.2 km/h (target  25.0),   274 m to go
[INFO] [1790753735.014965253] [awsim_drive]: v  25.1 km/h (target  25.0),   268 m to go
[INFO] [1790753736.015492164] [awsim_drive]: v  25.1 km/h (target  25.0),   260 m to go
[INFO] [1790753737.015129744] [awsim_drive]: v  25.0 km/h (target  25.0),   254 m to go
[INFO] [1790753738.014889370] [awsim_drive]: v  25.0 km/h (target  25.0),   246 m to go
[INFO] [1790753739.014868425] [awsim_drive]: v  25.0 km/h (target  25.0),   240 m to go
[INFO] [1790753740.015681195] [awsim_drive]: v  25.0 km/h (target  25.0),   232 m to go
[INFO] [1790753741.014938952] [awsim_drive]: v  25.0 km/h (target  25.0),   226 m to go
[INFO] [1790753742.014828262] [awsim_drive]: v  24.8 km/h (target  25.0),   218 m to go
[INFO] [1790753743.014832469] [awsim_drive]: v  24.7 km/h (target  25.0),   212 m to go
[INFO] [1790753744.016028537] [awsim_drive]: v  24.7 km/h (target  25.0),   205 m to go
[INFO] [1790753745.015021990] [awsim_drive]: v  24.8 km/h (target  25.0),   198 m to go
[INFO] [1790753746.015432288] [awsim_drive]: v  25.2 km/h (target  25.0),   191 m to go
[INFO] [1790753747.015794368] [awsim_drive]: v  24.6 km/h (target  21.7),   184 m to go
[INFO] [1790753748.015009372] [awsim_drive]: v  21.9 km/h (target  17.4),   178 m to go
[INFO] [1790753749.014908398] [awsim_drive]: v  18.1 km/h (target  14.8),   172 m to go
[INFO] [1790753750.014874948] [awsim_drive]: v  15.9 km/h (target  14.0),   168 m to go
[INFO] [1790753751.015129075] [awsim_drive]: v  15.7 km/h (target  16.9),   163 m to go
[INFO] [1790753752.014972303] [awsim_drive]: v  16.4 km/h (target  15.9),   158 m to go
[INFO] [1790753753.014879657] [awsim_drive]: v  18.0 km/h (target  24.3),   154 m to go
[INFO] [1790753754.014869642] [awsim_drive]: v  22.0 km/h (target  25.0),   148 m to go
[INFO] [1790753755.014959764] [awsim_drive]: v  24.5 km/h (target  25.0),   142 m to go
[INFO] [1790753756.014916156] [awsim_drive]: v  25.7 km/h (target  25.0),   134 m to go
[INFO] [1790753757.014800579] [awsim_drive]: v  26.0 km/h (target  25.0),   128 m to go
[INFO] [1790753758.014982328] [awsim_drive]: v  26.0 km/h (target  25.0),   120 m to go
[INFO] [1790753759.014874987] [awsim_drive]: v  25.8 km/h (target  25.0),   113 m to go
[INFO] [1790753760.015207812] [awsim_drive]: v  25.5 km/h (target  25.0),   106 m to go
[INFO] [1790753761.014959598] [awsim_drive]: v  35.8 km/h (target  25.0),    98 m to go
[INFO] [1790753762.014989633] [awsim_drive]: v  10.0 km/h (target  25.0),    90 m to go
[INFO] [1790753763.014861650] [awsim_drive]: v -93.3 km/h (target  25.0),    82 m to go
[INFO] [1790753764.015309557] [awsim_drive]: v -81.5 km/h (target  25.0),    77 m to go
[INFO] [1790753765.015352805] [awsim_drive]: v 116.3 km/h (target  25.0),    70 m to go
[INFO] [1790753766.015528599] [awsim_drive]: v 174.1 km/h (target  25.0),    62 m to go
[INFO] [1790753767.014931060] [awsim_drive]: v -94.3 km/h (target  25.0),    54 m to go
[INFO] [1790753768.015266126] [awsim_drive]: v -269.0 km/h (target  25.0),    48 m to go
[INFO] [1790753769.014892840] [awsim_drive]: v  24.1 km/h (target  25.0),    42 m to go
[INFO] [1790753770.014939250] [awsim_drive]: v 346.1 km/h (target  25.0),    35 m to go
[INFO] [1790753771.016129309] [awsim_drive]: v  90.2 km/h (target  25.0),    26 m to go
[INFO] [1790753772.014895795] [awsim_drive]: v -385.7 km/h (target  22.5),    20 m to go
[INFO] [1790753773.015573003] [awsim_drive]: v -236.2 km/h (target  19.0),    14 m to go
[INFO] [1790753774.015223307] [awsim_drive]: v 372.5 km/h (target  13.5),     7 m to go
[INFO] [1790753775.014891006] [awsim_drive]: v 395.4 km/h (target   0.0),     0 m to go
[INFO] [1790753776.014859972] [awsim_drive]: v -297.4 km/h (target   0.0),     0 m to go
[INFO] [1790753777.015833853] [awsim_drive]: v -545.1 km/h (target   0.0),     0 m to go
[INFO] [1790753778.014907798] [awsim_drive]: v 159.4 km/h (target   0.0),     0 m to go
[INFO] [1790753779.015488933] [awsim_drive]: v 661.0 km/h (target   0.0),     0 m to go