[0.008s] Invoking command in '/ws/src/gnss_and_lidar_localization/build/gll_ros2': CMAKE_PREFIX_PATH=/ws/src/gnss_and_lidar_localization/install/gll_core:/ws/src/gnss_and_lidar_localization/install/tiled_pcd_map:/ws/install/gll_ros2:/ws/install/gll_core:/ws/install/tiled_pcd_map:/ws/install/shinjuku_map:/opt/ros/jazzy/opt/gz_math_vendor:/opt/ros/jazzy/opt/gz_utils_vendor:/opt/ros/jazzy/opt/gz_cmake_vendor:/opt/ros/jazzy DEBUGINFOD_URLS=https://debuginfod.ubuntu.com PATH=/ws/src/gnss_and_lidar_localization/install/tiled_pcd_map/bin:${PATH} PKG_CONFIG_PATH=/ws/src/gnss_and_lidar_localization/install/gll_core/lib/x86_64-linux-gnu/pkgconfig:/ws/src/gnss_and_lidar_localization/install/gll_core/lib/pkgconfig:/ws/src/gnss_and_lidar_localization/install/tiled_pcd_map/lib/x86_64-linux-gnu/pkgconfig:/ws/src/gnss_and_lidar_localization/install/tiled_pcd_map/lib/pkgconfig:${PKG_CONFIG_PATH} /usr/bin/cmake /ws/src/gnss_and_lidar_localization/ros2/gll_ros2 -DCMAKE_INSTALL_PREFIX=/ws/src/gnss_and_lidar_localization/install/gll_ros2
[0.086s] -- The CXX compiler identification is GNU 13.3.0
[0.102s] -- Detecting CXX compiler ABI info
[0.305s] -- Detecting CXX compiler ABI info - done
[0.310s] -- Check for working CXX compiler: /usr/bin/c++ - skipped
[0.310s] -- Detecting CXX compile features
[0.310s] -- Detecting CXX compile features - done
[0.312s] -- Found ament_cmake: 2.5.6 (/opt/ros/jazzy/share/ament_cmake/cmake)
[0.437s] -- Found Python3: /usr/bin/python3 (found version "3.12.3") found components: Interpreter 
[0.518s] -- Found rclcpp: 28.1.22 (/opt/ros/jazzy/share/rclcpp/cmake)
[0.547s] -- Found rosidl_generator_c: 4.6.9 (/opt/ros/jazzy/share/rosidl_generator_c/cmake)
[0.557s] -- Found rosidl_generator_cpp: 4.6.9 (/opt/ros/jazzy/share/rosidl_generator_cpp/cmake)
[0.569s] -- Using all available rosidl_typesupport_c: rosidl_typesupport_fastrtps_c;rosidl_typesupport_introspection_c
[0.582s] -- Using all available rosidl_typesupport_cpp: rosidl_typesupport_fastrtps_cpp;rosidl_typesupport_introspection_cpp
[0.636s] -- Found rmw_implementation_cmake: 7.3.3 (/opt/ros/jazzy/share/rmw_implementation_cmake/cmake)
[0.639s] -- Found rmw_fastrtps_cpp: 8.4.4 (/opt/ros/jazzy/share/rmw_fastrtps_cpp/cmake)
[0.713s] -- Found OpenSSL: /usr/lib/x86_64-linux-gnu/libcrypto.so (found version "3.0.13")  
[0.748s] -- Found FastRTPS: /opt/ros/jazzy/include (Required is at least version "2.13") 
[0.781s] -- Using RMW implementation 'rmw_fastrtps_cpp' as default
[0.839s] -- Found sensor_msgs: 5.3.8 (/opt/ros/jazzy/share/sensor_msgs/cmake)
[0.879s] -- Found nav_msgs: 5.3.8 (/opt/ros/jazzy/share/nav_msgs/cmake)
[0.897s] -- Found diagnostic_msgs: 5.3.8 (/opt/ros/jazzy/share/diagnostic_msgs/cmake)
[0.912s] -- Found tf2_ros: 0.36.22 (/opt/ros/jazzy/share/tf2_ros/cmake)
[1.007s] -- Performing Test CMAKE_HAVE_LIBC_PTHREAD
[1.110s] -- Performing Test CMAKE_HAVE_LIBC_PTHREAD - Success
[1.112s] -- Found Threads: TRUE  
[1.386s] -- Found OpenMP_CXX: -fopenmp (found version "4.5") 
[1.386s] -- Found OpenMP: TRUE (found version "4.5") found components: CXX 
[1.391s] -- Found OpenMP_CXX: -fopenmp (found version "4.5") 
[1.396s] -- Found ament_cmake_gtest: 2.5.6 (/opt/ros/jazzy/share/ament_cmake_gtest/cmake)
[1.399s] -- Found gtest sources under '/opt/ros/jazzy/src/gtest_vendor': C++ tests using 'Google Test' will be built
[1.439s] -- The C compiler identification is GNU 13.3.0
[1.470s] -- Detecting C compiler ABI info
[1.633s] -- Detecting C compiler ABI info - done
[1.655s] -- Check for working C compiler: /usr/bin/cc - skipped
[1.655s] -- Detecting C compile features
[1.656s] -- Detecting C compile features - done
[1.712s] -- Configuring done (1.7s)
[1.732s] -- Generating done (0.0s)
[1.738s] -- Build files have been written to: /ws/src/gnss_and_lidar_localization/build/gll_ros2
[1.745s] Invoked command in '/ws/src/gnss_and_lidar_localization/build/gll_ros2' returned '0': CMAKE_PREFIX_PATH=/ws/src/gnss_and_lidar_localization/install/gll_core:/ws/src/gnss_and_lidar_localization/install/tiled_pcd_map:/ws/install/gll_ros2:/ws/install/gll_core:/ws/install/tiled_pcd_map:/ws/install/shinjuku_map:/opt/ros/jazzy/opt/gz_math_vendor:/opt/ros/jazzy/opt/gz_utils_vendor:/opt/ros/jazzy/opt/gz_cmake_vendor:/opt/ros/jazzy DEBUGINFOD_URLS=https://debuginfod.ubuntu.com PATH=/ws/src/gnss_and_lidar_localization/install/tiled_pcd_map/bin:${PATH} PKG_CONFIG_PATH=/ws/src/gnss_and_lidar_localization/install/gll_core/lib/x86_64-linux-gnu/pkgconfig:/ws/src/gnss_and_lidar_localization/install/gll_core/lib/pkgconfig:/ws/src/gnss_and_lidar_localization/install/tiled_pcd_map/lib/x86_64-linux-gnu/pkgconfig:/ws/src/gnss_and_lidar_localization/install/tiled_pcd_map/lib/pkgconfig:${PKG_CONFIG_PATH} /usr/bin/cmake /ws/src/gnss_and_lidar_localization/ros2/gll_ros2 -DCMAKE_INSTALL_PREFIX=/ws/src/gnss_and_lidar_localization/install/gll_ros2
[1.745s] Invoking command in '/ws/src/gnss_and_lidar_localization/build/gll_ros2': CMAKE_PREFIX_PATH=/ws/src/gnss_and_lidar_localization/install/gll_core:/ws/src/gnss_and_lidar_localization/install/tiled_pcd_map:/ws/install/gll_ros2:/ws/install/gll_core:/ws/install/tiled_pcd_map:/ws/install/shinjuku_map:/opt/ros/jazzy/opt/gz_math_vendor:/opt/ros/jazzy/opt/gz_utils_vendor:/opt/ros/jazzy/opt/gz_cmake_vendor:/opt/ros/jazzy DEBUGINFOD_URLS=https://debuginfod.ubuntu.com PATH=/ws/src/gnss_and_lidar_localization/install/tiled_pcd_map/bin:${PATH} PKG_CONFIG_PATH=/ws/src/gnss_and_lidar_localization/install/gll_core/lib/x86_64-linux-gnu/pkgconfig:/ws/src/gnss_and_lidar_localization/install/gll_core/lib/pkgconfig:/ws/src/gnss_and_lidar_localization/install/tiled_pcd_map/lib/x86_64-linux-gnu/pkgconfig:/ws/src/gnss_and_lidar_localization/install/tiled_pcd_map/lib/pkgconfig:${PKG_CONFIG_PATH} /usr/bin/cmake --build /ws/src/gnss_and_lidar_localization/build/gll_ros2 -- -j24 -l24
[1.805s] [  7%] [32mBuilding CXX object gtest/CMakeFiles/gtest_main.dir/src/gtest_main.cc.o[0m
[1.808s] [ 14%] [32mBuilding CXX object gtest/CMakeFiles/gtest.dir/src/gtest-all.cc.o[0m
[1.808s] [ 21%] [32mBuilding CXX object CMakeFiles/gll_ros2_conversions.dir/src/diagnostics.cpp.o[0m
[1.809s] [ 28%] [32mBuilding CXX object CMakeFiles/gll_ros2_conversions.dir/src/conversions.cpp.o[0m
[2.237s] [ 35%] [32m[1mLinking CXX static library libgtest_main.a[0m
[2.272s] [ 35%] Built target gtest_main
[2.976s] [ 42%] [32m[1mLinking CXX static library libgll_ros2_conversions.a[0m
[3.012s] [ 42%] Built target gll_ros2_conversions
[3.030s] [ 50%] [32mBuilding CXX object CMakeFiles/localizer_node.dir/src/main.cpp.o[0m
[3.032s] [ 57%] [32mBuilding CXX object CMakeFiles/localizer_node.dir/src/localizer_node.cpp.o[0m
[3.788s] [ 64%] [32m[1mLinking CXX static library libgtest.a[0m
[3.841s] [ 64%] Built target gtest
[3.863s] [ 71%] [32mBuilding CXX object CMakeFiles/test_diagnostics.dir/test/test_diagnostics.cpp.o[0m
[3.864s] [ 78%] [32mBuilding CXX object CMakeFiles/test_conversions.dir/test/test_conversions.cpp.o[0m
[5.177s] [ 85%] [32m[1mLinking CXX executable test_conversions[0m
[5.404s] [ 85%] Built target test_conversions
[5.508s] [ 92%] [32m[1mLinking CXX executable test_diagnostics[0m
[5.721s] [ 92%] Built target test_diagnostics
[15.955s] [100%] [32m[1mLinking CXX executable localizer_node[0m
[16.532s] [100%] Built target localizer_node
[16.543s] Invoked command in '/ws/src/gnss_and_lidar_localization/build/gll_ros2' returned '0': CMAKE_PREFIX_PATH=/ws/src/gnss_and_lidar_localization/install/gll_core:/ws/src/gnss_and_lidar_localization/install/tiled_pcd_map:/ws/install/gll_ros2:/ws/install/gll_core:/ws/install/tiled_pcd_map:/ws/install/shinjuku_map:/opt/ros/jazzy/opt/gz_math_vendor:/opt/ros/jazzy/opt/gz_utils_vendor:/opt/ros/jazzy/opt/gz_cmake_vendor:/opt/ros/jazzy DEBUGINFOD_URLS=https://debuginfod.ubuntu.com PATH=/ws/src/gnss_and_lidar_localization/install/tiled_pcd_map/bin:${PATH} PKG_CONFIG_PATH=/ws/src/gnss_and_lidar_localization/install/gll_core/lib/x86_64-linux-gnu/pkgconfig:/ws/src/gnss_and_lidar_localization/install/gll_core/lib/pkgconfig:/ws/src/gnss_and_lidar_localization/install/tiled_pcd_map/lib/x86_64-linux-gnu/pkgconfig:/ws/src/gnss_and_lidar_localization/install/tiled_pcd_map/lib/pkgconfig:${PKG_CONFIG_PATH} /usr/bin/cmake --build /ws/src/gnss_and_lidar_localization/build/gll_ros2 -- -j24 -l24
[16.544s] Invoking command in '/ws/src/gnss_and_lidar_localization/build/gll_ros2': CMAKE_PREFIX_PATH=/ws/src/gnss_and_lidar_localization/install/gll_core:/ws/src/gnss_and_lidar_localization/install/tiled_pcd_map:/ws/install/gll_ros2:/ws/install/gll_core:/ws/install/tiled_pcd_map:/ws/install/shinjuku_map:/opt/ros/jazzy/opt/gz_math_vendor:/opt/ros/jazzy/opt/gz_utils_vendor:/opt/ros/jazzy/opt/gz_cmake_vendor:/opt/ros/jazzy DEBUGINFOD_URLS=https://debuginfod.ubuntu.com PATH=/ws/src/gnss_and_lidar_localization/install/tiled_pcd_map/bin:${PATH} PKG_CONFIG_PATH=/ws/src/gnss_and_lidar_localization/install/gll_core/lib/x86_64-linux-gnu/pkgconfig:/ws/src/gnss_and_lidar_localization/install/gll_core/lib/pkgconfig:/ws/src/gnss_and_lidar_localization/install/tiled_pcd_map/lib/x86_64-linux-gnu/pkgconfig:/ws/src/gnss_and_lidar_localization/install/tiled_pcd_map/lib/pkgconfig:${PKG_CONFIG_PATH} /usr/bin/cmake --install /ws/src/gnss_and_lidar_localization/build/gll_ros2
[16.551s] -- Install configuration: ""
[16.551s] -- Installing: /ws/src/gnss_and_lidar_localization/install/gll_ros2/lib/gll_ros2/localizer_node
[16.562s] -- Set non-toolchain portion of runtime path of "/ws/src/gnss_and_lidar_localization/install/gll_ros2/lib/gll_ros2/localizer_node" to ""
[16.562s] -- Installing: /ws/src/gnss_and_lidar_localization/install/gll_ros2/lib/libgll_ros2_conversions.a
[16.563s] -- Installing: /ws/src/gnss_and_lidar_localization/install/gll_ros2/share/gll_ros2/launch
[16.563s] -- Installing: /ws/src/gnss_and_lidar_localization/install/gll_ros2/share/gll_ros2/launch/localizer.launch.py
[16.563s] -- Installing: /ws/src/gnss_and_lidar_localization/install/gll_ros2/share/gll_ros2/config
[16.563s] -- Installing: /ws/src/gnss_and_lidar_localization/install/gll_ros2/share/gll_ros2/config/localizer.yaml
[16.563s] -- Installing: /ws/src/gnss_and_lidar_localization/install/gll_ros2/share/ament_index/resource_index/package_run_dependencies/gll_ros2
[16.563s] -- Installing: /ws/src/gnss_and_lidar_localization/install/gll_ros2/share/ament_index/resource_index/parent_prefix_path/gll_ros2
[16.563s] -- Installing: /ws/src/gnss_and_lidar_localization/install/gll_ros2/share/gll_ros2/environment/ament_prefix_path.sh
[16.564s] -- Installing: /ws/src/gnss_and_lidar_localization/install/gll_ros2/share/gll_ros2/environment/ament_prefix_path.dsv
[16.564s] -- Installing: /ws/src/gnss_and_lidar_localization/install/gll_ros2/share/gll_ros2/environment/path.sh
[16.564s] -- Installing: /ws/src/gnss_and_lidar_localization/install/gll_ros2/share/gll_ros2/environment/path.dsv
[16.564s] -- Installing: /ws/src/gnss_and_lidar_localization/install/gll_ros2/share/gll_ros2/local_setup.bash
[16.564s] -- Installing: /ws/src/gnss_and_lidar_localization/install/gll_ros2/share/gll_ros2/local_setup.sh
[16.564s] -- Installing: /ws/src/gnss_and_lidar_localization/install/gll_ros2/share/gll_ros2/local_setup.zsh
[16.564s] -- Installing: /ws/src/gnss_and_lidar_localization/install/gll_ros2/share/gll_ros2/local_setup.dsv
[16.564s] -- Installing: /ws/src/gnss_and_lidar_localization/install/gll_ros2/share/gll_ros2/package.dsv
[16.564s] -- Installing: /ws/src/gnss_and_lidar_localization/install/gll_ros2/share/ament_index/resource_index/packages/gll_ros2
[16.564s] -- Installing: /ws/src/gnss_and_lidar_localization/install/gll_ros2/share/gll_ros2/cmake/gll_ros2Config.cmake
[16.565s] -- Installing: /ws/src/gnss_and_lidar_localization/install/gll_ros2/share/gll_ros2/cmake/gll_ros2Config-version.cmake
[16.565s] -- Installing: /ws/src/gnss_and_lidar_localization/install/gll_ros2/share/gll_ros2/package.xml
[16.566s] Invoked command in '/ws/src/gnss_and_lidar_localization/build/gll_ros2' returned '0': CMAKE_PREFIX_PATH=/ws/src/gnss_and_lidar_localization/install/gll_core:/ws/src/gnss_and_lidar_localization/install/tiled_pcd_map:/ws/install/gll_ros2:/ws/install/gll_core:/ws/install/tiled_pcd_map:/ws/install/shinjuku_map:/opt/ros/jazzy/opt/gz_math_vendor:/opt/ros/jazzy/opt/gz_utils_vendor:/opt/ros/jazzy/opt/gz_cmake_vendor:/opt/ros/jazzy DEBUGINFOD_URLS=https://debuginfod.ubuntu.com PATH=/ws/src/gnss_and_lidar_localization/install/tiled_pcd_map/bin:${PATH} PKG_CONFIG_PATH=/ws/src/gnss_and_lidar_localization/install/gll_core/lib/x86_64-linux-gnu/pkgconfig:/ws/src/gnss_and_lidar_localization/install/gll_core/lib/pkgconfig:/ws/src/gnss_and_lidar_localization/install/tiled_pcd_map/lib/x86_64-linux-gnu/pkgconfig:/ws/src/gnss_and_lidar_localization/install/tiled_pcd_map/lib/pkgconfig:${PKG_CONFIG_PATH} /usr/bin/cmake --install /ws/src/gnss_and_lidar_localization/build/gll_ros2
